This file contains any messages produced by compilers while
running configure, to aid debugging if configure makes a mistake.

It was created by libffi configure 3.4.6, which was
generated by GNU Autoconf 2.71.  Invocation command line was

  $ ../configure --host=x86_64-apple-ios-simulator --build=x86_64-apple-darwin

## --------- ##
## Platform. ##
## --------- ##

hostname = Vus-iMac.local
uname -m = x86_64
uname -r = 24.6.0
uname -s = Darwin
uname -v = Darwin Kernel Version 24.6.0: Tue Apr 21 20:17:54 PDT 2026; root:xnu-11417.140.69.710.16~1/RELEASE_X86_64

/usr/bin/uname -p = i386
/bin/uname -X     = unknown

/bin/arch              = unknown
/usr/bin/arch -k       = unknown
/usr/convex/getsysinfo = unknown
/usr/bin/hostinfo      = Mach kernel version:
	 Darwin Kernel Version 24.6.0: Tue Apr 21 20:17:54 PDT 2026; root:xnu-11417.140.69.710.16~1/RELEASE_X86_64
Kernel configured for up to 8 processors.
4 processors are physically available.
8 processors are logically available.
Processor type: x86_64h (Intel x86-64h Haswell)
Processors active: 0 1 2 3 4 5 6 7
Primary memory available: 16.00 gigabytes
Default processor set: 644 tasks, 3171 threads, 8 processors
Load average: 5.81, Mach factor: 4.27
/bin/machine           = unknown
/usr/bin/oslevel       = unknown
/bin/universe          = unknown

PATH: /usr/gnu/bin/
PATH: /usr/local/bin/
PATH: /bin/
PATH: /usr/bin/
PATH: ./


## ----------- ##
## Core tests. ##
## ----------- ##

configure:3015: looking for aux files: ltmain.sh compile missing install-sh config.guess config.sub
configure:3028:  trying ../
configure:3057:   ../ltmain.sh found
configure:3057:   ../compile found
configure:3057:   ../missing found
configure:3039:   ../install-sh found
configure:3057:   ../config.guess found
configure:3057:   ../config.sub found
configure:3178: checking build system type
configure:3193: result: x86_64-apple-darwin
configure:3213: checking host system type
configure:3227: result: x86_64-apple-ios-simulator
configure:3247: checking target system type
configure:3261: result: x86_64-apple-ios-simulator
configure:3359: checking for gsed
configure:3395: result: sed
configure:3424: checking for a BSD-compatible install
configure:3497: result: /usr/bin/install -c
configure:3508: checking whether build environment is sane
configure:3563: result: yes
configure:3615: checking for x86_64-apple-ios-simulator-strip
configure:3650: result: no
configure:3660: checking for strip
configure:3681: found /usr/bin/strip
configure:3692: result: strip
configure:3704: WARNING: using cross tools not prefixed with host triplet
configure:3718: checking for a race-free mkdir -p
configure:3762: result: ../install-sh -c -d
configure:3769: checking for gawk
configure:3804: result: no
configure:3769: checking for mawk
configure:3804: result: no
configure:3769: checking for nawk
configure:3804: result: no
configure:3769: checking for awk
configure:3790: found /usr/bin/awk
configure:3801: result: awk
configure:3812: checking whether make sets $(MAKE)
configure:3835: result: yes
configure:3865: checking whether make supports nested variables
configure:3883: result: yes
configure:4047: checking for x86_64-apple-ios-simulator-gcc
configure:4079: result: xcrun -sdk iphonesimulator clang -target x86_64-apple-ios-simulator
configure:4477: checking for C compiler version
configure:4486: xcrun -sdk iphonesimulator clang -target x86_64-apple-ios-simulator --version >&5
Apple clang version 17.0.0 (clang-1700.6.4.2)
Target: x86_64-apple-ios-simulator
Thread model: posix
InstalledDir: /Volumes/D/Applications/Xcode.app/Contents/Developer/Toolchains/XcodeDefault.xctoolchain/usr/bin
configure:4497: $? = 0
configure:4486: xcrun -sdk iphonesimulator clang -target x86_64-apple-ios-simulator -v >&5
Apple clang version 17.0.0 (clang-1700.6.4.2)
Target: x86_64-apple-ios-simulator
Thread model: posix
InstalledDir: /Volumes/D/Applications/Xcode.app/Contents/Developer/Toolchains/XcodeDefault.xctoolchain/usr/bin
configure:4497: $? = 0
configure:4486: xcrun -sdk iphonesimulator clang -target x86_64-apple-ios-simulator -V >&5
clang: error: argument to '-V' is missing (expected 1 value)
clang: error: no input files
configure:4497: $? = 1
configure:4486: xcrun -sdk iphonesimulator clang -target x86_64-apple-ios-simulator -qversion >&5
clang: error: unknown argument '-qversion'; did you mean '--version'?
clang: error: no input files
configure:4497: $? = 1
configure:4486: xcrun -sdk iphonesimulator clang -target x86_64-apple-ios-simulator -version >&5
clang: error: unknown argument '-version'; did you mean '--version'?
clang: error: no input files
configure:4497: $? = 1
configure:4517: checking whether the C compiler works
configure:4539: xcrun -sdk iphonesimulator clang -target x86_64-apple-ios-simulator -miphoneos-version-min=7.0 -fembed-bitcode   conftest.c  >&5
ld: warning: -bitcode_bundle is no longer supported and will be ignored
configure:4543: $? = 0
configure:4593: result: yes
configure:4596: checking for C compiler default output file name
configure:4598: result: a.out
configure:4604: checking for suffix of executables
configure:4611: xcrun -sdk iphonesimulator clang -target x86_64-apple-ios-simulator -o conftest -miphoneos-version-min=7.0 -fembed-bitcode   conftest.c  >&5
ld: warning: -bitcode_bundle is no longer supported and will be ignored
configure:4615: $? = 0
configure:4638: result: 
configure:4660: checking whether we are cross compiling
configure:4698: result: yes
configure:4703: checking for suffix of object files
configure:4726: xcrun -sdk iphonesimulator clang -target x86_64-apple-ios-simulator -c -miphoneos-version-min=7.0 -fembed-bitcode  conftest.c >&5
configure:4730: $? = 0
configure:4752: result: o
configure:4756: checking whether the compiler supports GNU C
configure:4776: xcrun -sdk iphonesimulator clang -target x86_64-apple-ios-simulator -c -miphoneos-version-min=7.0 -fembed-bitcode  conftest.c >&5
configure:4776: $? = 0
configure:4786: result: yes
configure:4797: checking whether xcrun -sdk iphonesimulator clang -target x86_64-apple-ios-simulator accepts -g
configure:4818: xcrun -sdk iphonesimulator clang -target x86_64-apple-ios-simulator -c -g  conftest.c >&5
configure:4818: $? = 0
configure:4862: result: yes
configure:4882: checking for xcrun -sdk iphonesimulator clang -target x86_64-apple-ios-simulator option to enable C11 features
configure:4897: xcrun -sdk iphonesimulator clang -target x86_64-apple-ios-simulator  -c -miphoneos-version-min=7.0 -fembed-bitcode  conftest.c >&5
conftest.c:25:14: warning: a function definition without a prototype is deprecated in all versions of C and is not supported in C23 [-Wdeprecated-non-prototype]
   25 | static char *e (p, i)
      |              ^
1 warning generated.
configure:4897: $? = 0
configure:4915: result: none needed
configure:5031: checking whether xcrun -sdk iphonesimulator clang -target x86_64-apple-ios-simulator understands -c and -o together
configure:5054: xcrun -sdk iphonesimulator clang -target x86_64-apple-ios-simulator -c conftest.c -o conftest2.o
configure:5057: $? = 0
configure:5054: xcrun -sdk iphonesimulator clang -target x86_64-apple-ios-simulator -c conftest.c -o conftest2.o
configure:5057: $? = 0
configure:5069: result: yes
configure:5089: checking whether make supports the include directive
configure:5104: make -f confmf.GNU && cat confinc.out
this is the am__doit target
configure:5107: $? = 0
configure:5126: result: yes (GNU style)
configure:5152: checking dependency style of xcrun -sdk iphonesimulator clang -target x86_64-apple-ios-simulator
configure:5264: result: gcc3
configure:5299: checking for x86_64-apple-ios-simulator-g++
configure:5334: result: no
configure:5299: checking for x86_64-apple-ios-simulator-c++
configure:5334: result: no
configure:5299: checking for x86_64-apple-ios-simulator-gpp
configure:5334: result: no
configure:5299: checking for x86_64-apple-ios-simulator-aCC
configure:5334: result: no
configure:5299: checking for x86_64-apple-ios-simulator-CC
configure:5334: result: no
configure:5299: checking for x86_64-apple-ios-simulator-cxx
configure:5334: result: no
configure:5299: checking for x86_64-apple-ios-simulator-cc++
configure:5334: result: no
configure:5299: checking for x86_64-apple-ios-simulator-cl.exe
configure:5334: result: no
configure:5299: checking for x86_64-apple-ios-simulator-FCC
configure:5334: result: no
configure:5299: checking for x86_64-apple-ios-simulator-KCC
configure:5334: result: no
configure:5299: checking for x86_64-apple-ios-simulator-RCC
configure:5334: result: no
configure:5299: checking for x86_64-apple-ios-simulator-xlC_r
configure:5334: result: no
configure:5299: checking for x86_64-apple-ios-simulator-xlC
configure:5334: result: no
configure:5299: checking for x86_64-apple-ios-simulator-clang++
configure:5334: result: no
configure:5348: checking for g++
configure:5369: found /usr/bin/g++
configure:5380: result: g++
configure:5407: checking for C++ compiler version
configure:5416: g++ --version >&5
Apple clang version 17.0.0 (clang-1700.6.4.2)
Target: x86_64-apple-darwin24.6.0
Thread model: posix
InstalledDir: /Volumes/D/Applications/Xcode.app/Contents/Developer/Toolchains/XcodeDefault.xctoolchain/usr/bin
configure:5427: $? = 0
configure:5416: g++ -v >&5
Apple clang version 17.0.0 (clang-1700.6.4.2)
Target: x86_64-apple-darwin24.6.0
Thread model: posix
InstalledDir: /Volumes/D/Applications/Xcode.app/Contents/Developer/Toolchains/XcodeDefault.xctoolchain/usr/bin
configure:5427: $? = 0
configure:5416: g++ -V >&5
clang++: error: argument to '-V' is missing (expected 1 value)
clang++: error: no input files
configure:5427: $? = 1
configure:5416: g++ -qversion >&5
clang++: error: unknown argument '-qversion'; did you mean '--version'?
clang++: error: no input files
configure:5427: $? = 1
configure:5431: checking whether the compiler supports GNU C++
configure:5451: g++ -c   conftest.cpp >&5
configure:5451: $? = 0
configure:5461: result: yes
configure:5472: checking whether g++ accepts -g
configure:5493: g++ -c -g  conftest.cpp >&5
configure:5493: $? = 0
configure:5537: result: yes
configure:5557: checking for g++ option to enable C++11 features
configure:5572: g++  -c -g -O2  conftest.cpp >&5
conftest.cpp:177:25: warning: empty parentheses interpreted as a function declaration [-Wvexing-parse]
  177 |   cxx11test::delegate d2();
      |                         ^~
conftest.cpp:177:25: note: remove parentheses to declare a variable
  177 |   cxx11test::delegate d2();
      |                         ^~
1 warning generated.
configure:5572: $? = 0
configure:5590: result: none needed
configure:5656: checking dependency style of g++
configure:5768: result: gcc3
configure:5798: checking dependency style of xcrun -sdk iphonesimulator clang -target x86_64-apple-ios-simulator
configure:5908: result: gcc3
configure:5924: checking for grep that handles long lines and -e
configure:5988: result: /usr/bin/grep
configure:5993: checking for egrep
configure:6061: result: /usr/bin/grep -E
configure:6113: checking how to print strings
configure:6140: result: printf
configure:6161: checking for a sed that does not truncate output
configure:6231: result: /usr/bin/sed
configure:6249: checking for fgrep
configure:6317: result: /usr/bin/grep -F
configure:6353: checking for ld used by xcrun -sdk iphonesimulator clang -target x86_64-apple-ios-simulator
configure:6421: result: xcrun -sdk iphonesimulator ld -target x86_64-apple-ios-simulator
configure:6428: checking if the linker (xcrun -sdk iphonesimulator ld -target x86_64-apple-ios-simulator) is GNU ld
configure:6444: result: no
configure:6456: checking for BSD- or MS-compatible name lister (nm)
configure:6511: result: no
configure:6525: checking for x86_64-apple-ios-simulator-dumpbin
configure:6560: result: no
configure:6525: checking for x86_64-apple-ios-simulator-link
configure:6560: result: no
configure:6574: checking for dumpbin
configure:6609: result: no
configure:6574: checking for link
configure:6595: found /bin/link
configure:6606: result: link -dump
configure:6651: checking the name lister (nm) interface
configure:6659: xcrun -sdk iphonesimulator clang -target x86_64-apple-ios-simulator -c -miphoneos-version-min=7.0 -fembed-bitcode  conftest.c >&5
configure:6662: nm "conftest.o"
configure:6665: output
---------------- D _some_variable
configure:6672: result: BSD nm
configure:6675: checking whether ln -s works
configure:6679: result: yes
configure:6687: checking the maximum length of command line arguments
configure:6819: result: 786432
configure:6867: checking how to convert x86_64-apple-darwin file names to x86_64-apple-ios-simulator format
configure:6908: result: func_convert_file_noop
configure:6915: checking how to convert x86_64-apple-darwin file names to toolchain format
configure:6936: result: func_convert_file_noop
configure:6943: checking for xcrun -sdk iphonesimulator ld -target x86_64-apple-ios-simulator option to reload object files
configure:6951: result: -r
configure:6985: checking for x86_64-apple-ios-simulator-file
configure:7020: result: no
configure:7030: checking for file
configure:7051: found /usr/bin/file
configure:7062: result: file
configure:7093: checking for x86_64-apple-ios-simulator-objdump
configure:7128: result: no
configure:7138: checking for objdump
configure:7159: found /usr/bin/objdump
configure:7170: result: objdump
configure:7202: checking how to recognize dependent libraries
configure:7403: result: unknown
configure:7448: checking for x86_64-apple-ios-simulator-dlltool
configure:7483: result: no
configure:7493: checking for dlltool
configure:7528: result: no
configure:7558: checking how to associate runtime and link libraries
configure:7586: result: printf %s\n
configure:7603: checking for x86_64-apple-ios-simulator-ar
configure:7638: result: no
configure:7652: checking for ar
configure:7673: found /usr/bin/ar
configure:7684: result: ar
configure:7737: checking for archiver @FILE support
configure:7755: xcrun -sdk iphonesimulator clang -target x86_64-apple-ios-simulator -c -miphoneos-version-min=7.0 -fembed-bitcode  conftest.c >&5
configure:7755: $? = 0
configure:7759: ar cr libconftest.a @conftest.lst >&5
ar: @conftest.lst: No such file or directory
configure:7762: $? = 1
configure:7782: result: no
configure:7800: checking for x86_64-apple-ios-simulator-strip
configure:7832: result: strip
configure:7909: checking for x86_64-apple-ios-simulator-ranlib
configure:7944: result: no
configure:7954: checking for ranlib
configure:7975: found /usr/bin/ranlib
configure:7986: result: ranlib
configure:8088: checking command to parse nm output from xcrun -sdk iphonesimulator clang -target x86_64-apple-ios-simulator object
configure:8242: xcrun -sdk iphonesimulator clang -target x86_64-apple-ios-simulator -c -miphoneos-version-min=7.0 -fembed-bitcode  conftest.c >&5
configure:8245: $? = 0
configure:8249: nm conftest.o \| /usr/bin/sed -n -e 's/^.*[ ]\([ABCDGIRSTW][ABCDGIRSTW]*\)[ ][ ]*\([_A-Za-z][_A-Za-z0-9]*\)$/\1 \2 \2/p' | /usr/bin/sed '/ __gnu_lto/d' \> conftest.nm
configure:8252: $? = 0
cannot find nm_test_var in conftest.nm
configure:8242: xcrun -sdk iphonesimulator clang -target x86_64-apple-ios-simulator -c -miphoneos-version-min=7.0 -fembed-bitcode  conftest.c >&5
configure:8245: $? = 0
configure:8249: nm conftest.o \| /usr/bin/sed -n -e 's/^.*[ ]\([ABCDGIRSTW][ABCDGIRSTW]*\)[ ][ ]*_\([_A-Za-z][_A-Za-z0-9]*\)$/\1 _\2 \2/p' | /usr/bin/sed '/ __gnu_lto/d' \> conftest.nm
configure:8252: $? = 0
configure:8318: xcrun -sdk iphonesimulator clang -target x86_64-apple-ios-simulator -o conftest -miphoneos-version-min=7.0 -fembed-bitcode   conftest.c conftstm.o >&5
ld: warning: -bitcode_bundle is no longer supported and will be ignored
configure:8321: $? = 0
configure:8359: result: ok
configure:8406: checking for sysroot
configure:8437: result: no
configure:8444: checking for a working dd
configure:8488: result: /bin/dd
configure:8492: checking how to truncate binary pipes
configure:8508: result: /bin/dd bs=4096 count=1
configure:8800: checking for x86_64-apple-ios-simulator-mt
configure:8835: result: no
configure:8845: checking for mt
configure:8880: result: no
configure:8900: checking if : is a manifest tool
configure:8907: : '-?'
configure:8915: result: no
configure:9640: checking for stdio.h
configure:9640: xcrun -sdk iphonesimulator clang -target x86_64-apple-ios-simulator -c -miphoneos-version-min=7.0 -fembed-bitcode  conftest.c >&5
configure:9640: $? = 0
configure:9640: result: yes
configure:9640: checking for stdlib.h
configure:9640: xcrun -sdk iphonesimulator clang -target x86_64-apple-ios-simulator -c -miphoneos-version-min=7.0 -fembed-bitcode  conftest.c >&5
configure:9640: $? = 0
configure:9640: result: yes
configure:9640: checking for string.h
configure:9640: xcrun -sdk iphonesimulator clang -target x86_64-apple-ios-simulator -c -miphoneos-version-min=7.0 -fembed-bitcode  conftest.c >&5
configure:9640: $? = 0
configure:9640: result: yes
configure:9640: checking for inttypes.h
configure:9640: xcrun -sdk iphonesimulator clang -target x86_64-apple-ios-simulator -c -miphoneos-version-min=7.0 -fembed-bitcode  conftest.c >&5
configure:9640: $? = 0
configure:9640: result: yes
configure:9640: checking for stdint.h
configure:9640: xcrun -sdk iphonesimulator clang -target x86_64-apple-ios-simulator -c -miphoneos-version-min=7.0 -fembed-bitcode  conftest.c >&5
configure:9640: $? = 0
configure:9640: result: yes
configure:9640: checking for strings.h
configure:9640: xcrun -sdk iphonesimulator clang -target x86_64-apple-ios-simulator -c -miphoneos-version-min=7.0 -fembed-bitcode  conftest.c >&5
configure:9640: $? = 0
configure:9640: result: yes
configure:9640: checking for sys/stat.h
configure:9640: xcrun -sdk iphonesimulator clang -target x86_64-apple-ios-simulator -c -miphoneos-version-min=7.0 -fembed-bitcode  conftest.c >&5
configure:9640: $? = 0
configure:9640: result: yes
configure:9640: checking for sys/types.h
configure:9640: xcrun -sdk iphonesimulator clang -target x86_64-apple-ios-simulator -c -miphoneos-version-min=7.0 -fembed-bitcode  conftest.c >&5
configure:9640: $? = 0
configure:9640: result: yes
configure:9640: checking for unistd.h
configure:9640: xcrun -sdk iphonesimulator clang -target x86_64-apple-ios-simulator -c -miphoneos-version-min=7.0 -fembed-bitcode  conftest.c >&5
configure:9640: $? = 0
configure:9640: result: yes
configure:9665: checking for dlfcn.h
configure:9665: xcrun -sdk iphonesimulator clang -target x86_64-apple-ios-simulator -c -miphoneos-version-min=7.0 -fembed-bitcode  conftest.c >&5
configure:9665: $? = 0
configure:9665: result: yes
configure:9935: checking for objdir
configure:9951: result: .libs
configure:10215: checking if xcrun -sdk iphonesimulator clang -target x86_64-apple-ios-simulator supports -fno-rtti -fno-exceptions
configure:10234: xcrun -sdk iphonesimulator clang -target x86_64-apple-ios-simulator -c -miphoneos-version-min=7.0 -fembed-bitcode  -fno-rtti -fno-exceptions conftest.c >&5
configure:10238: $? = 0
configure:10251: result: yes
configure:10609: checking for xcrun -sdk iphonesimulator clang -target x86_64-apple-ios-simulator option to produce PIC
configure:10617: result: -fPIC -DPIC
configure:10625: checking if xcrun -sdk iphonesimulator clang -target x86_64-apple-ios-simulator PIC flag -fPIC -DPIC works
configure:10644: xcrun -sdk iphonesimulator clang -target x86_64-apple-ios-simulator -c -miphoneos-version-min=7.0 -fembed-bitcode  -fPIC -DPIC -DPIC conftest.c >&5
configure:10648: $? = 0
configure:10661: result: yes
configure:10690: checking if xcrun -sdk iphonesimulator clang -target x86_64-apple-ios-simulator static flag -static works
configure:10719: result: no
configure:10734: checking if xcrun -sdk iphonesimulator clang -target x86_64-apple-ios-simulator supports -c -o file.o
configure:10756: xcrun -sdk iphonesimulator clang -target x86_64-apple-ios-simulator -c -miphoneos-version-min=7.0 -fembed-bitcode  -o out/conftest2.o conftest.c >&5
configure:10760: $? = 0
configure:10782: result: yes
configure:10790: checking if xcrun -sdk iphonesimulator clang -target x86_64-apple-ios-simulator supports -c -o file.o
configure:10838: result: yes
configure:10871: checking whether the xcrun -sdk iphonesimulator clang -target x86_64-apple-ios-simulator linker (xcrun -sdk iphonesimulator ld -target x86_64-apple-ios-simulator) supports shared libraries
configure:12139: result: no
configure:12380: checking dynamic linker characteristics
configure:13204: result: no
configure:13326: checking how to hardcode library paths into programs
configure:13351: result: unsupported
configure:13903: checking whether stripping libraries is possible
configure:13935: result: no
configure:13954: checking if libtool supports shared libraries
configure:13956: result: no
configure:13959: checking whether to build shared libraries
configure:13984: result: no
configure:13987: checking whether to build static libraries
configure:13991: result: yes
configure:14014: checking how to run the C++ preprocessor
configure:14036: g++ -E  conftest.cpp
configure:14036: $? = 0
configure:14051: g++ -E  conftest.cpp
conftest.cpp:23:10: fatal error: 'ac_nonexistent.h' file not found
   23 | #include <ac_nonexistent.h>
      |          ^~~~~~~~~~~~~~~~~~
1 error generated.
configure:14051: $? = 1
configure: failed program was:
| /* confdefs.h */
| #define PACKAGE_NAME "libffi"
| #define PACKAGE_TARNAME "libffi"
| #define PACKAGE_VERSION "3.4.6"
| #define PACKAGE_STRING "libffi 3.4.6"
| #define PACKAGE_BUGREPORT "http://github.com/libffi/libffi/issues"
| #define PACKAGE_URL ""
| #define PACKAGE "libffi"
| #define VERSION "3.4.6"
| #define HAVE_STDIO_H 1
| #define HAVE_STDLIB_H 1
| #define HAVE_STRING_H 1
| #define HAVE_INTTYPES_H 1
| #define HAVE_STDINT_H 1
| #define HAVE_STRINGS_H 1
| #define HAVE_SYS_STAT_H 1
| #define HAVE_SYS_TYPES_H 1
| #define HAVE_UNISTD_H 1
| #define STDC_HEADERS 1
| #define HAVE_DLFCN_H 1
| #define LT_OBJDIR ".libs/"
| /* end confdefs.h.  */
| #include <ac_nonexistent.h>
configure:14078: result: g++ -E
configure:14092: g++ -E  conftest.cpp
configure:14092: $? = 0
configure:14107: g++ -E  conftest.cpp
conftest.cpp:23:10: fatal error: 'ac_nonexistent.h' file not found
   23 | #include <ac_nonexistent.h>
      |          ^~~~~~~~~~~~~~~~~~
1 error generated.
configure:14107: $? = 1
configure: failed program was:
| /* confdefs.h */
| #define PACKAGE_NAME "libffi"
| #define PACKAGE_TARNAME "libffi"
| #define PACKAGE_VERSION "3.4.6"
| #define PACKAGE_STRING "libffi 3.4.6"
| #define PACKAGE_BUGREPORT "http://github.com/libffi/libffi/issues"
| #define PACKAGE_URL ""
| #define PACKAGE "libffi"
| #define VERSION "3.4.6"
| #define HAVE_STDIO_H 1
| #define HAVE_STDLIB_H 1
| #define HAVE_STRING_H 1
| #define HAVE_INTTYPES_H 1
| #define HAVE_STDINT_H 1
| #define HAVE_STRINGS_H 1
| #define HAVE_SYS_STAT_H 1
| #define HAVE_SYS_TYPES_H 1
| #define HAVE_UNISTD_H 1
| #define STDC_HEADERS 1
| #define HAVE_DLFCN_H 1
| #define LT_OBJDIR ".libs/"
| /* end confdefs.h.  */
| #include <ac_nonexistent.h>
configure:14272: checking for ld used by g++
configure:14340: result: xcrun -sdk iphonesimulator ld -target x86_64-apple-ios-simulator
configure:14347: checking if the linker (xcrun -sdk iphonesimulator ld -target x86_64-apple-ios-simulator) is GNU ld
configure:14363: result: no
configure:14418: checking whether the g++ linker (xcrun -sdk iphonesimulator ld -target x86_64-apple-ios-simulator) supports shared libraries
configure:15496: result: no
configure:15532: g++ -c -g -O2  conftest.cpp >&5
configure:15535: $? = 0
configure:16016: checking for g++ option to produce PIC
configure:16024: result: -fPIC -DPIC
configure:16032: checking if g++ PIC flag -fPIC -DPIC works
configure:16051: g++ -c -g -O2  -fPIC -DPIC -DPIC conftest.cpp >&5
configure:16055: $? = 0
configure:16068: result: yes
configure:16091: checking if g++ static flag -static works
configure:16120: result: no
configure:16132: checking if g++ supports -c -o file.o
configure:16154: g++ -c -g -O2  -o out/conftest2.o conftest.cpp >&5
configure:16158: $? = 0
configure:16180: result: yes
configure:16185: checking if g++ supports -c -o file.o
configure:16233: result: yes
configure:16263: checking whether the g++ linker (xcrun -sdk iphonesimulator ld -target x86_64-apple-ios-simulator) supports shared libraries
configure:16303: result: no
configure:16445: checking dynamic linker characteristics
configure:17196: result: no
configure:17261: checking how to hardcode library paths into programs
configure:17286: result: unsupported
configure:17352: checking for x86_64-apple-ios-simulator-readelf
configure:17387: result: no
configure:17397: checking for readelf
configure:17432: result: no
configure:17457: checking size of size_t
configure:17463: xcrun -sdk iphonesimulator clang -target x86_64-apple-ios-simulator -c -miphoneos-version-min=7.0 -fembed-bitcode  conftest.c >&5
configure:17463: $? = 0
configure:17463: xcrun -sdk iphonesimulator clang -target x86_64-apple-ios-simulator -c -miphoneos-version-min=7.0 -fembed-bitcode  conftest.c >&5
conftest.c:54:24: error: 'test_array' declared as an array with a negative size
   54 | static int test_array [1 - 2 * !(((long int) (sizeof (size_t))) <= 0)];
      |                        ^~~~~~~~~~~~~~~~~~~~~~~~~~~~~~~~~~~~~~~~~~~~~~
1 error generated.
configure:17463: $? = 1
configure: failed program was:
| /* confdefs.h */
| #define PACKAGE_NAME "libffi"
| #define PACKAGE_TARNAME "libffi"
| #define PACKAGE_VERSION "3.4.6"
| #define PACKAGE_STRING "libffi 3.4.6"
| #define PACKAGE_BUGREPORT "http://github.com/libffi/libffi/issues"
| #define PACKAGE_URL ""
| #define PACKAGE "libffi"
| #define VERSION "3.4.6"
| #define HAVE_STDIO_H 1
| #define HAVE_STDLIB_H 1
| #define HAVE_STRING_H 1
| #define HAVE_INTTYPES_H 1
| #define HAVE_STDINT_H 1
| #define HAVE_STRINGS_H 1
| #define HAVE_SYS_STAT_H 1
| #define HAVE_SYS_TYPES_H 1
| #define HAVE_UNISTD_H 1
| #define STDC_HEADERS 1
| #define HAVE_DLFCN_H 1
| #define LT_OBJDIR ".libs/"
| /* end confdefs.h.  */
| #include <stddef.h>
| #ifdef HAVE_STDIO_H
| # include <stdio.h>
| #endif
| #ifdef HAVE_STDLIB_H
| # include <stdlib.h>
| #endif
| #ifdef HAVE_STRING_H
| # include <string.h>
| #endif
| #ifdef HAVE_INTTYPES_H
| # include <inttypes.h>
| #endif
| #ifdef HAVE_STDINT_H
| # include <stdint.h>
| #endif
| #ifdef HAVE_STRINGS_H
| # include <strings.h>
| #endif
| #ifdef HAVE_SYS_TYPES_H
| # include <sys/types.h>
| #endif
| #ifdef HAVE_SYS_STAT_H
| # include <sys/stat.h>
| #endif
| #ifdef HAVE_UNISTD_H
| # include <unistd.h>
| #endif
| int
| main (void)
| {
| static int test_array [1 - 2 * !(((long int) (sizeof (size_t))) <= 0)];
| test_array [0] = 0;
| return test_array [0];
| 
|   ;
|   return 0;
| }
configure:17463: xcrun -sdk iphonesimulator clang -target x86_64-apple-ios-simulator -c -miphoneos-version-min=7.0 -fembed-bitcode  conftest.c >&5
conftest.c:54:24: error: 'test_array' declared as an array with a negative size
   54 | static int test_array [1 - 2 * !(((long int) (sizeof (size_t))) <= 1)];
      |                        ^~~~~~~~~~~~~~~~~~~~~~~~~~~~~~~~~~~~~~~~~~~~~~
1 error generated.
configure:17463: $? = 1
configure: failed program was:
| /* confdefs.h */
| #define PACKAGE_NAME "libffi"
| #define PACKAGE_TARNAME "libffi"
| #define PACKAGE_VERSION "3.4.6"
| #define PACKAGE_STRING "libffi 3.4.6"
| #define PACKAGE_BUGREPORT "http://github.com/libffi/libffi/issues"
| #define PACKAGE_URL ""
| #define PACKAGE "libffi"
| #define VERSION "3.4.6"
| #define HAVE_STDIO_H 1
| #define HAVE_STDLIB_H 1
| #define HAVE_STRING_H 1
| #define HAVE_INTTYPES_H 1
| #define HAVE_STDINT_H 1
| #define HAVE_STRINGS_H 1
| #define HAVE_SYS_STAT_H 1
| #define HAVE_SYS_TYPES_H 1
| #define HAVE_UNISTD_H 1
| #define STDC_HEADERS 1
| #define HAVE_DLFCN_H 1
| #define LT_OBJDIR ".libs/"
| /* end confdefs.h.  */
| #include <stddef.h>
| #ifdef HAVE_STDIO_H
| # include <stdio.h>
| #endif
| #ifdef HAVE_STDLIB_H
| # include <stdlib.h>
| #endif
| #ifdef HAVE_STRING_H
| # include <string.h>
| #endif
| #ifdef HAVE_INTTYPES_H
| # include <inttypes.h>
| #endif
| #ifdef HAVE_STDINT_H
| # include <stdint.h>
| #endif
| #ifdef HAVE_STRINGS_H
| # include <strings.h>
| #endif
| #ifdef HAVE_SYS_TYPES_H
| # include <sys/types.h>
| #endif
| #ifdef HAVE_SYS_STAT_H
| # include <sys/stat.h>
| #endif
| #ifdef HAVE_UNISTD_H
| # include <unistd.h>
| #endif
| int
| main (void)
| {
| static int test_array [1 - 2 * !(((long int) (sizeof (size_t))) <= 1)];
| test_array [0] = 0;
| return test_array [0];
| 
|   ;
|   return 0;
| }
configure:17463: xcrun -sdk iphonesimulator clang -target x86_64-apple-ios-simulator -c -miphoneos-version-min=7.0 -fembed-bitcode  conftest.c >&5
conftest.c:54:24: error: 'test_array' declared as an array with a negative size
   54 | static int test_array [1 - 2 * !(((long int) (sizeof (size_t))) <= 3)];
      |                        ^~~~~~~~~~~~~~~~~~~~~~~~~~~~~~~~~~~~~~~~~~~~~~
1 error generated.
configure:17463: $? = 1
configure: failed program was:
| /* confdefs.h */
| #define PACKAGE_NAME "libffi"
| #define PACKAGE_TARNAME "libffi"
| #define PACKAGE_VERSION "3.4.6"
| #define PACKAGE_STRING "libffi 3.4.6"
| #define PACKAGE_BUGREPORT "http://github.com/libffi/libffi/issues"
| #define PACKAGE_URL ""
| #define PACKAGE "libffi"
| #define VERSION "3.4.6"
| #define HAVE_STDIO_H 1
| #define HAVE_STDLIB_H 1
| #define HAVE_STRING_H 1
| #define HAVE_INTTYPES_H 1
| #define HAVE_STDINT_H 1
| #define HAVE_STRINGS_H 1
| #define HAVE_SYS_STAT_H 1
| #define HAVE_SYS_TYPES_H 1
| #define HAVE_UNISTD_H 1
| #define STDC_HEADERS 1
| #define HAVE_DLFCN_H 1
| #define LT_OBJDIR ".libs/"
| /* end confdefs.h.  */
| #include <stddef.h>
| #ifdef HAVE_STDIO_H
| # include <stdio.h>
| #endif
| #ifdef HAVE_STDLIB_H
| # include <stdlib.h>
| #endif
| #ifdef HAVE_STRING_H
| # include <string.h>
| #endif
| #ifdef HAVE_INTTYPES_H
| # include <inttypes.h>
| #endif
| #ifdef HAVE_STDINT_H
| # include <stdint.h>
| #endif
| #ifdef HAVE_STRINGS_H
| # include <strings.h>
| #endif
| #ifdef HAVE_SYS_TYPES_H
| # include <sys/types.h>
| #endif
| #ifdef HAVE_SYS_STAT_H
| # include <sys/stat.h>
| #endif
| #ifdef HAVE_UNISTD_H
| # include <unistd.h>
| #endif
| int
| main (void)
| {
| static int test_array [1 - 2 * !(((long int) (sizeof (size_t))) <= 3)];
| test_array [0] = 0;
| return test_array [0];
| 
|   ;
|   return 0;
| }
configure:17463: xcrun -sdk iphonesimulator clang -target x86_64-apple-ios-simulator -c -miphoneos-version-min=7.0 -fembed-bitcode  conftest.c >&5
conftest.c:54:24: error: 'test_array' declared as an array with a negative size
   54 | static int test_array [1 - 2 * !(((long int) (sizeof (size_t))) <= 7)];
      |                        ^~~~~~~~~~~~~~~~~~~~~~~~~~~~~~~~~~~~~~~~~~~~~~
1 error generated.
configure:17463: $? = 1
configure: failed program was:
| /* confdefs.h */
| #define PACKAGE_NAME "libffi"
| #define PACKAGE_TARNAME "libffi"
| #define PACKAGE_VERSION "3.4.6"
| #define PACKAGE_STRING "libffi 3.4.6"
| #define PACKAGE_BUGREPORT "http://github.com/libffi/libffi/issues"
| #define PACKAGE_URL ""
| #define PACKAGE "libffi"
| #define VERSION "3.4.6"
| #define HAVE_STDIO_H 1
| #define HAVE_STDLIB_H 1
| #define HAVE_STRING_H 1
| #define HAVE_INTTYPES_H 1
| #define HAVE_STDINT_H 1
| #define HAVE_STRINGS_H 1
| #define HAVE_SYS_STAT_H 1
| #define HAVE_SYS_TYPES_H 1
| #define HAVE_UNISTD_H 1
| #define STDC_HEADERS 1
| #define HAVE_DLFCN_H 1
| #define LT_OBJDIR ".libs/"
| /* end confdefs.h.  */
| #include <stddef.h>
| #ifdef HAVE_STDIO_H
| # include <stdio.h>
| #endif
| #ifdef HAVE_STDLIB_H
| # include <stdlib.h>
| #endif
| #ifdef HAVE_STRING_H
| # include <string.h>
| #endif
| #ifdef HAVE_INTTYPES_H
| # include <inttypes.h>
| #endif
| #ifdef HAVE_STDINT_H
| # include <stdint.h>
| #endif
| #ifdef HAVE_STRINGS_H
| # include <strings.h>
| #endif
| #ifdef HAVE_SYS_TYPES_H
| # include <sys/types.h>
| #endif
| #ifdef HAVE_SYS_STAT_H
| # include <sys/stat.h>
| #endif
| #ifdef HAVE_UNISTD_H
| # include <unistd.h>
| #endif
| int
| main (void)
| {
| static int test_array [1 - 2 * !(((long int) (sizeof (size_t))) <= 7)];
| test_array [0] = 0;
| return test_array [0];
| 
|   ;
|   return 0;
| }
configure:17463: xcrun -sdk iphonesimulator clang -target x86_64-apple-ios-simulator -c -miphoneos-version-min=7.0 -fembed-bitcode  conftest.c >&5
configure:17463: $? = 0
configure:17463: xcrun -sdk iphonesimulator clang -target x86_64-apple-ios-simulator -c -miphoneos-version-min=7.0 -fembed-bitcode  conftest.c >&5
configure:17463: $? = 0
configure:17463: xcrun -sdk iphonesimulator clang -target x86_64-apple-ios-simulator -c -miphoneos-version-min=7.0 -fembed-bitcode  conftest.c >&5
configure:17463: $? = 0
configure:17463: xcrun -sdk iphonesimulator clang -target x86_64-apple-ios-simulator -c -miphoneos-version-min=7.0 -fembed-bitcode  conftest.c >&5
configure:17463: $? = 0
configure:17478: result: 8
configure:17487: checking for C compiler vendor
configure:17546: xcrun -sdk iphonesimulator clang -target x86_64-apple-ios-simulator -c -miphoneos-version-min=7.0 -fembed-bitcode  conftest.c >&5
conftest.c:30:7: error: use of undeclared identifier 'thisisanerror'
   30 |       thisisanerror;
      |       ^
1 error generated.
configure:17546: $? = 1
configure: failed program was:
| /* confdefs.h */
| #define PACKAGE_NAME "libffi"
| #define PACKAGE_TARNAME "libffi"
| #define PACKAGE_VERSION "3.4.6"
| #define PACKAGE_STRING "libffi 3.4.6"
| #define PACKAGE_BUGREPORT "http://github.com/libffi/libffi/issues"
| #define PACKAGE_URL ""
| #define PACKAGE "libffi"
| #define VERSION "3.4.6"
| #define HAVE_STDIO_H 1
| #define HAVE_STDLIB_H 1
| #define HAVE_STRING_H 1
| #define HAVE_INTTYPES_H 1
| #define HAVE_STDINT_H 1
| #define HAVE_STRINGS_H 1
| #define HAVE_SYS_STAT_H 1
| #define HAVE_SYS_TYPES_H 1
| #define HAVE_UNISTD_H 1
| #define STDC_HEADERS 1
| #define HAVE_DLFCN_H 1
| #define LT_OBJDIR ".libs/"
| #define SIZEOF_SIZE_T 8
| /* end confdefs.h.  */
| 
| int
| main (void)
| {
| 
| #if !(defined(__ICC) || defined(__ECC) || defined(__INTEL_COMPILER))
|       thisisanerror;
| #endif
| 
|   ;
|   return 0;
| }
configure:17546: xcrun -sdk iphonesimulator clang -target x86_64-apple-ios-simulator -c -miphoneos-version-min=7.0 -fembed-bitcode  conftest.c >&5
conftest.c:30:7: error: use of undeclared identifier 'thisisanerror'
   30 |       thisisanerror;
      |       ^
1 error generated.
configure:17546: $? = 1
configure: failed program was:
| /* confdefs.h */
| #define PACKAGE_NAME "libffi"
| #define PACKAGE_TARNAME "libffi"
| #define PACKAGE_VERSION "3.4.6"
| #define PACKAGE_STRING "libffi 3.4.6"
| #define PACKAGE_BUGREPORT "http://github.com/libffi/libffi/issues"
| #define PACKAGE_URL ""
| #define PACKAGE "libffi"
| #define VERSION "3.4.6"
| #define HAVE_STDIO_H 1
| #define HAVE_STDLIB_H 1
| #define HAVE_STRING_H 1
| #define HAVE_INTTYPES_H 1
| #define HAVE_STDINT_H 1
| #define HAVE_STRINGS_H 1
| #define HAVE_SYS_STAT_H 1
| #define HAVE_SYS_TYPES_H 1
| #define HAVE_UNISTD_H 1
| #define STDC_HEADERS 1
| #define HAVE_DLFCN_H 1
| #define LT_OBJDIR ".libs/"
| #define SIZEOF_SIZE_T 8
| /* end confdefs.h.  */
| 
| int
| main (void)
| {
| 
| #if !(defined(__xlc__) || defined(__xlC__) || defined(__IBMC__) || defined(__IBMCPP__) || defined(__ibmxl__))
|       thisisanerror;
| #endif
| 
|   ;
|   return 0;
| }
configure:17546: xcrun -sdk iphonesimulator clang -target x86_64-apple-ios-simulator -c -miphoneos-version-min=7.0 -fembed-bitcode  conftest.c >&5
conftest.c:30:7: error: use of undeclared identifier 'thisisanerror'
   30 |       thisisanerror;
      |       ^
1 error generated.
configure:17546: $? = 1
configure: failed program was:
| /* confdefs.h */
| #define PACKAGE_NAME "libffi"
| #define PACKAGE_TARNAME "libffi"
| #define PACKAGE_VERSION "3.4.6"
| #define PACKAGE_STRING "libffi 3.4.6"
| #define PACKAGE_BUGREPORT "http://github.com/libffi/libffi/issues"
| #define PACKAGE_URL ""
| #define PACKAGE "libffi"
| #define VERSION "3.4.6"
| #define HAVE_STDIO_H 1
| #define HAVE_STDLIB_H 1
| #define HAVE_STRING_H 1
| #define HAVE_INTTYPES_H 1
| #define HAVE_STDINT_H 1
| #define HAVE_STRINGS_H 1
| #define HAVE_SYS_STAT_H 1
| #define HAVE_SYS_TYPES_H 1
| #define HAVE_UNISTD_H 1
| #define STDC_HEADERS 1
| #define HAVE_DLFCN_H 1
| #define LT_OBJDIR ".libs/"
| #define SIZEOF_SIZE_T 8
| /* end confdefs.h.  */
| 
| int
| main (void)
| {
| 
| #if !(defined(__PATHCC__) || defined(__PATHSCALE__))
|       thisisanerror;
| #endif
| 
|   ;
|   return 0;
| }
configure:17546: xcrun -sdk iphonesimulator clang -target x86_64-apple-ios-simulator -c -miphoneos-version-min=7.0 -fembed-bitcode  conftest.c >&5
configure:17546: $? = 0
configure:17556: result: clang
configure:18447: checking CFLAGS for most reasonable warnings
configure:18534: : CFLAGS="$CFLAGS"
configure:18537: $? = 0
configure:18560: result: -Wall
configure:18583: checking whether to enable maintainer-specific portions of Makefiles
configure:18593: result: no
configure:18607: checking for sys/memfd.h
configure:18607: xcrun -sdk iphonesimulator clang -target x86_64-apple-ios-simulator -c -Wall -miphoneos-version-min=7.0 -fembed-bitcode -fexceptions  conftest.c >&5
conftest.c:52:10: fatal error: 'sys/memfd.h' file not found
   52 | #include <sys/memfd.h>
      |          ^~~~~~~~~~~~~
1 error generated.
configure:18607: $? = 1
configure: failed program was:
| /* confdefs.h */
| #define PACKAGE_NAME "libffi"
| #define PACKAGE_TARNAME "libffi"
| #define PACKAGE_VERSION "3.4.6"
| #define PACKAGE_STRING "libffi 3.4.6"
| #define PACKAGE_BUGREPORT "http://github.com/libffi/libffi/issues"
| #define PACKAGE_URL ""
| #define PACKAGE "libffi"
| #define VERSION "3.4.6"
| #define HAVE_STDIO_H 1
| #define HAVE_STDLIB_H 1
| #define HAVE_STRING_H 1
| #define HAVE_INTTYPES_H 1
| #define HAVE_STDINT_H 1
| #define HAVE_STRINGS_H 1
| #define HAVE_SYS_STAT_H 1
| #define HAVE_SYS_TYPES_H 1
| #define HAVE_UNISTD_H 1
| #define STDC_HEADERS 1
| #define HAVE_DLFCN_H 1
| #define LT_OBJDIR ".libs/"
| #define SIZEOF_SIZE_T 8
| /* end confdefs.h.  */
| #include <stddef.h>
| #ifdef HAVE_STDIO_H
| # include <stdio.h>
| #endif
| #ifdef HAVE_STDLIB_H
| # include <stdlib.h>
| #endif
| #ifdef HAVE_STRING_H
| # include <string.h>
| #endif
| #ifdef HAVE_INTTYPES_H
| # include <inttypes.h>
| #endif
| #ifdef HAVE_STDINT_H
| # include <stdint.h>
| #endif
| #ifdef HAVE_STRINGS_H
| # include <strings.h>
| #endif
| #ifdef HAVE_SYS_TYPES_H
| # include <sys/types.h>
| #endif
| #ifdef HAVE_SYS_STAT_H
| # include <sys/stat.h>
| #endif
| #ifdef HAVE_UNISTD_H
| # include <unistd.h>
| #endif
| #include <sys/memfd.h>
configure:18607: result: no
configure:18614: checking for memfd_create
configure:18614: xcrun -sdk iphonesimulator clang -target x86_64-apple-ios-simulator -o conftest -Wall -miphoneos-version-min=7.0 -fembed-bitcode -fexceptions   conftest.c  >&5
ld: warning: -bitcode_bundle is no longer supported and will be ignored
Undefined symbols for architecture x86_64:
  "_memfd_create", referenced from:
      _main in conftest-c1fc1f.o
ld: symbol(s) not found for architecture x86_64
clang: error: linker command failed with exit code 1 (use -v to see invocation)
configure:18614: $? = 1
configure: failed program was:
| /* confdefs.h */
| #define PACKAGE_NAME "libffi"
| #define PACKAGE_TARNAME "libffi"
| #define PACKAGE_VERSION "3.4.6"
| #define PACKAGE_STRING "libffi 3.4.6"
| #define PACKAGE_BUGREPORT "http://github.com/libffi/libffi/issues"
| #define PACKAGE_URL ""
| #define PACKAGE "libffi"
| #define VERSION "3.4.6"
| #define HAVE_STDIO_H 1
| #define HAVE_STDLIB_H 1
| #define HAVE_STRING_H 1
| #define HAVE_INTTYPES_H 1
| #define HAVE_STDINT_H 1
| #define HAVE_STRINGS_H 1
| #define HAVE_SYS_STAT_H 1
| #define HAVE_SYS_TYPES_H 1
| #define HAVE_UNISTD_H 1
| #define STDC_HEADERS 1
| #define HAVE_DLFCN_H 1
| #define LT_OBJDIR ".libs/"
| #define SIZEOF_SIZE_T 8
| /* end confdefs.h.  */
| /* Define memfd_create to an innocuous variant, in case <limits.h> declares memfd_create.
|    For example, HP-UX 11i <limits.h> declares gettimeofday.  */
| #define memfd_create innocuous_memfd_create
| 
| /* System header to define __stub macros and hopefully few prototypes,
|    which can conflict with char memfd_create (); below.  */
| 
| #include <limits.h>
| #undef memfd_create
| 
| /* Override any GCC internal prototype to avoid an error.
|    Use char because int might match the return type of a GCC
|    builtin and then its argument prototype would still apply.  */
| #ifdef __cplusplus
| extern "C"
| #endif
| char memfd_create ();
| /* The GNU C library defines this for functions which it implements
|     to always fail with ENOSYS.  Some functions are actually named
|     something starting with __ and the normal name is an alias.  */
| #if defined __stub_memfd_create || defined __stub___memfd_create
| choke me
| #endif
| 
| int
| main (void)
| {
| return memfd_create ();
|   ;
|   return 0;
| }
configure:18614: result: no
configure:18646: checking for egrep
configure:18714: result: /usr/bin/grep -E
configure:18720: checking for memcpy
configure:18720: xcrun -sdk iphonesimulator clang -target x86_64-apple-ios-simulator -o conftest -Wall -miphoneos-version-min=7.0 -fembed-bitcode -fexceptions   conftest.c  >&5
conftest.c:40:6: warning: incompatible redeclaration of library function 'memcpy' [-Wincompatible-library-redeclaration]
   40 | char memcpy ();
      |      ^
conftest.c:40:6: note: 'memcpy' is a builtin with type 'void *(void *, const void *, unsigned long)'
1 warning generated.
ld: warning: -bitcode_bundle is no longer supported and will be ignored
configure:18720: $? = 0
configure:18720: result: yes
configure:18727: checking for alloca.h
configure:18727: xcrun -sdk iphonesimulator clang -target x86_64-apple-ios-simulator -c -Wall -miphoneos-version-min=7.0 -fembed-bitcode -fexceptions  conftest.c >&5
configure:18727: $? = 0
configure:18727: result: yes
configure:18739: checking size of double
configure:18745: xcrun -sdk iphonesimulator clang -target x86_64-apple-ios-simulator -c -Wall -miphoneos-version-min=7.0 -fembed-bitcode -fexceptions  conftest.c >&5
configure:18745: $? = 0
configure:18745: xcrun -sdk iphonesimulator clang -target x86_64-apple-ios-simulator -c -Wall -miphoneos-version-min=7.0 -fembed-bitcode -fexceptions  conftest.c >&5
conftest.c:57:24: error: 'test_array' declared as an array with a negative size
   57 | static int test_array [1 - 2 * !(((long int) (sizeof (double))) <= 0)];
      |                        ^~~~~~~~~~~~~~~~~~~~~~~~~~~~~~~~~~~~~~~~~~~~~~
1 error generated.
configure:18745: $? = 1
configure: failed program was:
| /* confdefs.h */
| #define PACKAGE_NAME "libffi"
| #define PACKAGE_TARNAME "libffi"
| #define PACKAGE_VERSION "3.4.6"
| #define PACKAGE_STRING "libffi 3.4.6"
| #define PACKAGE_BUGREPORT "http://github.com/libffi/libffi/issues"
| #define PACKAGE_URL ""
| #define PACKAGE "libffi"
| #define VERSION "3.4.6"
| #define HAVE_STDIO_H 1
| #define HAVE_STDLIB_H 1
| #define HAVE_STRING_H 1
| #define HAVE_INTTYPES_H 1
| #define HAVE_STDINT_H 1
| #define HAVE_STRINGS_H 1
| #define HAVE_SYS_STAT_H 1
| #define HAVE_SYS_TYPES_H 1
| #define HAVE_UNISTD_H 1
| #define STDC_HEADERS 1
| #define HAVE_DLFCN_H 1
| #define LT_OBJDIR ".libs/"
| #define SIZEOF_SIZE_T 8
| #define HAVE_MEMCPY 1
| #define HAVE_ALLOCA_H 1
| /* end confdefs.h.  */
| #include <stddef.h>
| #ifdef HAVE_STDIO_H
| # include <stdio.h>
| #endif
| #ifdef HAVE_STDLIB_H
| # include <stdlib.h>
| #endif
| #ifdef HAVE_STRING_H
| # include <string.h>
| #endif
| #ifdef HAVE_INTTYPES_H
| # include <inttypes.h>
| #endif
| #ifdef HAVE_STDINT_H
| # include <stdint.h>
| #endif
| #ifdef HAVE_STRINGS_H
| # include <strings.h>
| #endif
| #ifdef HAVE_SYS_TYPES_H
| # include <sys/types.h>
| #endif
| #ifdef HAVE_SYS_STAT_H
| # include <sys/stat.h>
| #endif
| #ifdef HAVE_UNISTD_H
| # include <unistd.h>
| #endif
| int
| main (void)
| {
| static int test_array [1 - 2 * !(((long int) (sizeof (double))) <= 0)];
| test_array [0] = 0;
| return test_array [0];
| 
|   ;
|   return 0;
| }
configure:18745: xcrun -sdk iphonesimulator clang -target x86_64-apple-ios-simulator -c -Wall -miphoneos-version-min=7.0 -fembed-bitcode -fexceptions  conftest.c >&5
conftest.c:57:24: error: 'test_array' declared as an array with a negative size
   57 | static int test_array [1 - 2 * !(((long int) (sizeof (double))) <= 1)];
      |                        ^~~~~~~~~~~~~~~~~~~~~~~~~~~~~~~~~~~~~~~~~~~~~~
1 error generated.
configure:18745: $? = 1
configure: failed program was:
| /* confdefs.h */
| #define PACKAGE_NAME "libffi"
| #define PACKAGE_TARNAME "libffi"
| #define PACKAGE_VERSION "3.4.6"
| #define PACKAGE_STRING "libffi 3.4.6"
| #define PACKAGE_BUGREPORT "http://github.com/libffi/libffi/issues"
| #define PACKAGE_URL ""
| #define PACKAGE "libffi"
| #define VERSION "3.4.6"
| #define HAVE_STDIO_H 1
| #define HAVE_STDLIB_H 1
| #define HAVE_STRING_H 1
| #define HAVE_INTTYPES_H 1
| #define HAVE_STDINT_H 1
| #define HAVE_STRINGS_H 1
| #define HAVE_SYS_STAT_H 1
| #define HAVE_SYS_TYPES_H 1
| #define HAVE_UNISTD_H 1
| #define STDC_HEADERS 1
| #define HAVE_DLFCN_H 1
| #define LT_OBJDIR ".libs/"
| #define SIZEOF_SIZE_T 8
| #define HAVE_MEMCPY 1
| #define HAVE_ALLOCA_H 1
| /* end confdefs.h.  */
| #include <stddef.h>
| #ifdef HAVE_STDIO_H
| # include <stdio.h>
| #endif
| #ifdef HAVE_STDLIB_H
| # include <stdlib.h>
| #endif
| #ifdef HAVE_STRING_H
| # include <string.h>
| #endif
| #ifdef HAVE_INTTYPES_H
| # include <inttypes.h>
| #endif
| #ifdef HAVE_STDINT_H
| # include <stdint.h>
| #endif
| #ifdef HAVE_STRINGS_H
| # include <strings.h>
| #endif
| #ifdef HAVE_SYS_TYPES_H
| # include <sys/types.h>
| #endif
| #ifdef HAVE_SYS_STAT_H
| # include <sys/stat.h>
| #endif
| #ifdef HAVE_UNISTD_H
| # include <unistd.h>
| #endif
| int
| main (void)
| {
| static int test_array [1 - 2 * !(((long int) (sizeof (double))) <= 1)];
| test_array [0] = 0;
| return test_array [0];
| 
|   ;
|   return 0;
| }
configure:18745: xcrun -sdk iphonesimulator clang -target x86_64-apple-ios-simulator -c -Wall -miphoneos-version-min=7.0 -fembed-bitcode -fexceptions  conftest.c >&5
conftest.c:57:24: error: 'test_array' declared as an array with a negative size
   57 | static int test_array [1 - 2 * !(((long int) (sizeof (double))) <= 3)];
      |                        ^~~~~~~~~~~~~~~~~~~~~~~~~~~~~~~~~~~~~~~~~~~~~~
1 error generated.
configure:18745: $? = 1
configure: failed program was:
| /* confdefs.h */
| #define PACKAGE_NAME "libffi"
| #define PACKAGE_TARNAME "libffi"
| #define PACKAGE_VERSION "3.4.6"
| #define PACKAGE_STRING "libffi 3.4.6"
| #define PACKAGE_BUGREPORT "http://github.com/libffi/libffi/issues"
| #define PACKAGE_URL ""
| #define PACKAGE "libffi"
| #define VERSION "3.4.6"
| #define HAVE_STDIO_H 1
| #define HAVE_STDLIB_H 1
| #define HAVE_STRING_H 1
| #define HAVE_INTTYPES_H 1
| #define HAVE_STDINT_H 1
| #define HAVE_STRINGS_H 1
| #define HAVE_SYS_STAT_H 1
| #define HAVE_SYS_TYPES_H 1
| #define HAVE_UNISTD_H 1
| #define STDC_HEADERS 1
| #define HAVE_DLFCN_H 1
| #define LT_OBJDIR ".libs/"
| #define SIZEOF_SIZE_T 8
| #define HAVE_MEMCPY 1
| #define HAVE_ALLOCA_H 1
| /* end confdefs.h.  */
| #include <stddef.h>
| #ifdef HAVE_STDIO_H
| # include <stdio.h>
| #endif
| #ifdef HAVE_STDLIB_H
| # include <stdlib.h>
| #endif
| #ifdef HAVE_STRING_H
| # include <string.h>
| #endif
| #ifdef HAVE_INTTYPES_H
| # include <inttypes.h>
| #endif
| #ifdef HAVE_STDINT_H
| # include <stdint.h>
| #endif
| #ifdef HAVE_STRINGS_H
| # include <strings.h>
| #endif
| #ifdef HAVE_SYS_TYPES_H
| # include <sys/types.h>
| #endif
| #ifdef HAVE_SYS_STAT_H
| # include <sys/stat.h>
| #endif
| #ifdef HAVE_UNISTD_H
| # include <unistd.h>
| #endif
| int
| main (void)
| {
| static int test_array [1 - 2 * !(((long int) (sizeof (double))) <= 3)];
| test_array [0] = 0;
| return test_array [0];
| 
|   ;
|   return 0;
| }
configure:18745: xcrun -sdk iphonesimulator clang -target x86_64-apple-ios-simulator -c -Wall -miphoneos-version-min=7.0 -fembed-bitcode -fexceptions  conftest.c >&5
conftest.c:57:24: error: 'test_array' declared as an array with a negative size
   57 | static int test_array [1 - 2 * !(((long int) (sizeof (double))) <= 7)];
      |                        ^~~~~~~~~~~~~~~~~~~~~~~~~~~~~~~~~~~~~~~~~~~~~~
1 error generated.
configure:18745: $? = 1
configure: failed program was:
| /* confdefs.h */
| #define PACKAGE_NAME "libffi"
| #define PACKAGE_TARNAME "libffi"
| #define PACKAGE_VERSION "3.4.6"
| #define PACKAGE_STRING "libffi 3.4.6"
| #define PACKAGE_BUGREPORT "http://github.com/libffi/libffi/issues"
| #define PACKAGE_URL ""
| #define PACKAGE "libffi"
| #define VERSION "3.4.6"
| #define HAVE_STDIO_H 1
| #define HAVE_STDLIB_H 1
| #define HAVE_STRING_H 1
| #define HAVE_INTTYPES_H 1
| #define HAVE_STDINT_H 1
| #define HAVE_STRINGS_H 1
| #define HAVE_SYS_STAT_H 1
| #define HAVE_SYS_TYPES_H 1
| #define HAVE_UNISTD_H 1
| #define STDC_HEADERS 1
| #define HAVE_DLFCN_H 1
| #define LT_OBJDIR ".libs/"
| #define SIZEOF_SIZE_T 8
| #define HAVE_MEMCPY 1
| #define HAVE_ALLOCA_H 1
| /* end confdefs.h.  */
| #include <stddef.h>
| #ifdef HAVE_STDIO_H
| # include <stdio.h>
| #endif
| #ifdef HAVE_STDLIB_H
| # include <stdlib.h>
| #endif
| #ifdef HAVE_STRING_H
| # include <string.h>
| #endif
| #ifdef HAVE_INTTYPES_H
| # include <inttypes.h>
| #endif
| #ifdef HAVE_STDINT_H
| # include <stdint.h>
| #endif
| #ifdef HAVE_STRINGS_H
| # include <strings.h>
| #endif
| #ifdef HAVE_SYS_TYPES_H
| # include <sys/types.h>
| #endif
| #ifdef HAVE_SYS_STAT_H
| # include <sys/stat.h>
| #endif
| #ifdef HAVE_UNISTD_H
| # include <unistd.h>
| #endif
| int
| main (void)
| {
| static int test_array [1 - 2 * !(((long int) (sizeof (double))) <= 7)];
| test_array [0] = 0;
| return test_array [0];
| 
|   ;
|   return 0;
| }
configure:18745: xcrun -sdk iphonesimulator clang -target x86_64-apple-ios-simulator -c -Wall -miphoneos-version-min=7.0 -fembed-bitcode -fexceptions  conftest.c >&5
configure:18745: $? = 0
configure:18745: xcrun -sdk iphonesimulator clang -target x86_64-apple-ios-simulator -c -Wall -miphoneos-version-min=7.0 -fembed-bitcode -fexceptions  conftest.c >&5
configure:18745: $? = 0
configure:18745: xcrun -sdk iphonesimulator clang -target x86_64-apple-ios-simulator -c -Wall -miphoneos-version-min=7.0 -fembed-bitcode -fexceptions  conftest.c >&5
configure:18745: $? = 0
configure:18745: xcrun -sdk iphonesimulator clang -target x86_64-apple-ios-simulator -c -Wall -miphoneos-version-min=7.0 -fembed-bitcode -fexceptions  conftest.c >&5
configure:18745: $? = 0
configure:18760: result: 8
configure:18772: checking size of long double
configure:18778: xcrun -sdk iphonesimulator clang -target x86_64-apple-ios-simulator -c -Wall -miphoneos-version-min=7.0 -fembed-bitcode -fexceptions  conftest.c >&5
configure:18778: $? = 0
configure:18778: xcrun -sdk iphonesimulator clang -target x86_64-apple-ios-simulator -c -Wall -miphoneos-version-min=7.0 -fembed-bitcode -fexceptions  conftest.c >&5
conftest.c:58:24: error: 'test_array' declared as an array with a negative size
   58 | static int test_array [1 - 2 * !(((long int) (sizeof (long double))) <= 0)];
      |                        ^~~~~~~~~~~~~~~~~~~~~~~~~~~~~~~~~~~~~~~~~~~~~~~~~~~
1 error generated.
configure:18778: $? = 1
configure: failed program was:
| /* confdefs.h */
| #define PACKAGE_NAME "libffi"
| #define PACKAGE_TARNAME "libffi"
| #define PACKAGE_VERSION "3.4.6"
| #define PACKAGE_STRING "libffi 3.4.6"
| #define PACKAGE_BUGREPORT "http://github.com/libffi/libffi/issues"
| #define PACKAGE_URL ""
| #define PACKAGE "libffi"
| #define VERSION "3.4.6"
| #define HAVE_STDIO_H 1
| #define HAVE_STDLIB_H 1
| #define HAVE_STRING_H 1
| #define HAVE_INTTYPES_H 1
| #define HAVE_STDINT_H 1
| #define HAVE_STRINGS_H 1
| #define HAVE_SYS_STAT_H 1
| #define HAVE_SYS_TYPES_H 1
| #define HAVE_UNISTD_H 1
| #define STDC_HEADERS 1
| #define HAVE_DLFCN_H 1
| #define LT_OBJDIR ".libs/"
| #define SIZEOF_SIZE_T 8
| #define HAVE_MEMCPY 1
| #define HAVE_ALLOCA_H 1
| #define SIZEOF_DOUBLE 8
| /* end confdefs.h.  */
| #include <stddef.h>
| #ifdef HAVE_STDIO_H
| # include <stdio.h>
| #endif
| #ifdef HAVE_STDLIB_H
| # include <stdlib.h>
| #endif
| #ifdef HAVE_STRING_H
| # include <string.h>
| #endif
| #ifdef HAVE_INTTYPES_H
| # include <inttypes.h>
| #endif
| #ifdef HAVE_STDINT_H
| # include <stdint.h>
| #endif
| #ifdef HAVE_STRINGS_H
| # include <strings.h>
| #endif
| #ifdef HAVE_SYS_TYPES_H
| # include <sys/types.h>
| #endif
| #ifdef HAVE_SYS_STAT_H
| # include <sys/stat.h>
| #endif
| #ifdef HAVE_UNISTD_H
| # include <unistd.h>
| #endif
| int
| main (void)
| {
| static int test_array [1 - 2 * !(((long int) (sizeof (long double))) <= 0)];
| test_array [0] = 0;
| return test_array [0];
| 
|   ;
|   return 0;
| }
configure:18778: xcrun -sdk iphonesimulator clang -target x86_64-apple-ios-simulator -c -Wall -miphoneos-version-min=7.0 -fembed-bitcode -fexceptions  conftest.c >&5
conftest.c:58:24: error: 'test_array' declared as an array with a negative size
   58 | static int test_array [1 - 2 * !(((long int) (sizeof (long double))) <= 1)];
      |                        ^~~~~~~~~~~~~~~~~~~~~~~~~~~~~~~~~~~~~~~~~~~~~~~~~~~
1 error generated.
configure:18778: $? = 1
configure: failed program was:
| /* confdefs.h */
| #define PACKAGE_NAME "libffi"
| #define PACKAGE_TARNAME "libffi"
| #define PACKAGE_VERSION "3.4.6"
| #define PACKAGE_STRING "libffi 3.4.6"
| #define PACKAGE_BUGREPORT "http://github.com/libffi/libffi/issues"
| #define PACKAGE_URL ""
| #define PACKAGE "libffi"
| #define VERSION "3.4.6"
| #define HAVE_STDIO_H 1
| #define HAVE_STDLIB_H 1
| #define HAVE_STRING_H 1
| #define HAVE_INTTYPES_H 1
| #define HAVE_STDINT_H 1
| #define HAVE_STRINGS_H 1
| #define HAVE_SYS_STAT_H 1
| #define HAVE_SYS_TYPES_H 1
| #define HAVE_UNISTD_H 1
| #define STDC_HEADERS 1
| #define HAVE_DLFCN_H 1
| #define LT_OBJDIR ".libs/"
| #define SIZEOF_SIZE_T 8
| #define HAVE_MEMCPY 1
| #define HAVE_ALLOCA_H 1
| #define SIZEOF_DOUBLE 8
| /* end confdefs.h.  */
| #include <stddef.h>
| #ifdef HAVE_STDIO_H
| # include <stdio.h>
| #endif
| #ifdef HAVE_STDLIB_H
| # include <stdlib.h>
| #endif
| #ifdef HAVE_STRING_H
| # include <string.h>
| #endif
| #ifdef HAVE_INTTYPES_H
| # include <inttypes.h>
| #endif
| #ifdef HAVE_STDINT_H
| # include <stdint.h>
| #endif
| #ifdef HAVE_STRINGS_H
| # include <strings.h>
| #endif
| #ifdef HAVE_SYS_TYPES_H
| # include <sys/types.h>
| #endif
| #ifdef HAVE_SYS_STAT_H
| # include <sys/stat.h>
| #endif
| #ifdef HAVE_UNISTD_H
| # include <unistd.h>
| #endif
| int
| main (void)
| {
| static int test_array [1 - 2 * !(((long int) (sizeof (long double))) <= 1)];
| test_array [0] = 0;
| return test_array [0];
| 
|   ;
|   return 0;
| }
configure:18778: xcrun -sdk iphonesimulator clang -target x86_64-apple-ios-simulator -c -Wall -miphoneos-version-min=7.0 -fembed-bitcode -fexceptions  conftest.c >&5
conftest.c:58:24: error: 'test_array' declared as an array with a negative size
   58 | static int test_array [1 - 2 * !(((long int) (sizeof (long double))) <= 3)];
      |                        ^~~~~~~~~~~~~~~~~~~~~~~~~~~~~~~~~~~~~~~~~~~~~~~~~~~
1 error generated.
configure:18778: $? = 1
configure: failed program was:
| /* confdefs.h */
| #define PACKAGE_NAME "libffi"
| #define PACKAGE_TARNAME "libffi"
| #define PACKAGE_VERSION "3.4.6"
| #define PACKAGE_STRING "libffi 3.4.6"
| #define PACKAGE_BUGREPORT "http://github.com/libffi/libffi/issues"
| #define PACKAGE_URL ""
| #define PACKAGE "libffi"
| #define VERSION "3.4.6"
| #define HAVE_STDIO_H 1
| #define HAVE_STDLIB_H 1
| #define HAVE_STRING_H 1
| #define HAVE_INTTYPES_H 1
| #define HAVE_STDINT_H 1
| #define HAVE_STRINGS_H 1
| #define HAVE_SYS_STAT_H 1
| #define HAVE_SYS_TYPES_H 1
| #define HAVE_UNISTD_H 1
| #define STDC_HEADERS 1
| #define HAVE_DLFCN_H 1
| #define LT_OBJDIR ".libs/"
| #define SIZEOF_SIZE_T 8
| #define HAVE_MEMCPY 1
| #define HAVE_ALLOCA_H 1
| #define SIZEOF_DOUBLE 8
| /* end confdefs.h.  */
| #include <stddef.h>
| #ifdef HAVE_STDIO_H
| # include <stdio.h>
| #endif
| #ifdef HAVE_STDLIB_H
| # include <stdlib.h>
| #endif
| #ifdef HAVE_STRING_H
| # include <string.h>
| #endif
| #ifdef HAVE_INTTYPES_H
| # include <inttypes.h>
| #endif
| #ifdef HAVE_STDINT_H
| # include <stdint.h>
| #endif
| #ifdef HAVE_STRINGS_H
| # include <strings.h>
| #endif
| #ifdef HAVE_SYS_TYPES_H
| # include <sys/types.h>
| #endif
| #ifdef HAVE_SYS_STAT_H
| # include <sys/stat.h>
| #endif
| #ifdef HAVE_UNISTD_H
| # include <unistd.h>
| #endif
| int
| main (void)
| {
| static int test_array [1 - 2 * !(((long int) (sizeof (long double))) <= 3)];
| test_array [0] = 0;
| return test_array [0];
| 
|   ;
|   return 0;
| }
configure:18778: xcrun -sdk iphonesimulator clang -target x86_64-apple-ios-simulator -c -Wall -miphoneos-version-min=7.0 -fembed-bitcode -fexceptions  conftest.c >&5
conftest.c:58:24: error: 'test_array' declared as an array with a negative size
   58 | static int test_array [1 - 2 * !(((long int) (sizeof (long double))) <= 7)];
      |                        ^~~~~~~~~~~~~~~~~~~~~~~~~~~~~~~~~~~~~~~~~~~~~~~~~~~
1 error generated.
configure:18778: $? = 1
configure: failed program was:
| /* confdefs.h */
| #define PACKAGE_NAME "libffi"
| #define PACKAGE_TARNAME "libffi"
| #define PACKAGE_VERSION "3.4.6"
| #define PACKAGE_STRING "libffi 3.4.6"
| #define PACKAGE_BUGREPORT "http://github.com/libffi/libffi/issues"
| #define PACKAGE_URL ""
| #define PACKAGE "libffi"
| #define VERSION "3.4.6"
| #define HAVE_STDIO_H 1
| #define HAVE_STDLIB_H 1
| #define HAVE_STRING_H 1
| #define HAVE_INTTYPES_H 1
| #define HAVE_STDINT_H 1
| #define HAVE_STRINGS_H 1
| #define HAVE_SYS_STAT_H 1
| #define HAVE_SYS_TYPES_H 1
| #define HAVE_UNISTD_H 1
| #define STDC_HEADERS 1
| #define HAVE_DLFCN_H 1
| #define LT_OBJDIR ".libs/"
| #define SIZEOF_SIZE_T 8
| #define HAVE_MEMCPY 1
| #define HAVE_ALLOCA_H 1
| #define SIZEOF_DOUBLE 8
| /* end confdefs.h.  */
| #include <stddef.h>
| #ifdef HAVE_STDIO_H
| # include <stdio.h>
| #endif
| #ifdef HAVE_STDLIB_H
| # include <stdlib.h>
| #endif
| #ifdef HAVE_STRING_H
| # include <string.h>
| #endif
| #ifdef HAVE_INTTYPES_H
| # include <inttypes.h>
| #endif
| #ifdef HAVE_STDINT_H
| # include <stdint.h>
| #endif
| #ifdef HAVE_STRINGS_H
| # include <strings.h>
| #endif
| #ifdef HAVE_SYS_TYPES_H
| # include <sys/types.h>
| #endif
| #ifdef HAVE_SYS_STAT_H
| # include <sys/stat.h>
| #endif
| #ifdef HAVE_UNISTD_H
| # include <unistd.h>
| #endif
| int
| main (void)
| {
| static int test_array [1 - 2 * !(((long int) (sizeof (long double))) <= 7)];
| test_array [0] = 0;
| return test_array [0];
| 
|   ;
|   return 0;
| }
configure:18778: xcrun -sdk iphonesimulator clang -target x86_64-apple-ios-simulator -c -Wall -miphoneos-version-min=7.0 -fembed-bitcode -fexceptions  conftest.c >&5
conftest.c:58:24: error: 'test_array' declared as an array with a negative size
   58 | static int test_array [1 - 2 * !(((long int) (sizeof (long double))) <= 15)];
      |                        ^~~~~~~~~~~~~~~~~~~~~~~~~~~~~~~~~~~~~~~~~~~~~~~~~~~~
1 error generated.
configure:18778: $? = 1
configure: failed program was:
| /* confdefs.h */
| #define PACKAGE_NAME "libffi"
| #define PACKAGE_TARNAME "libffi"
| #define PACKAGE_VERSION "3.4.6"
| #define PACKAGE_STRING "libffi 3.4.6"
| #define PACKAGE_BUGREPORT "http://github.com/libffi/libffi/issues"
| #define PACKAGE_URL ""
| #define PACKAGE "libffi"
| #define VERSION "3.4.6"
| #define HAVE_STDIO_H 1
| #define HAVE_STDLIB_H 1
| #define HAVE_STRING_H 1
| #define HAVE_INTTYPES_H 1
| #define HAVE_STDINT_H 1
| #define HAVE_STRINGS_H 1
| #define HAVE_SYS_STAT_H 1
| #define HAVE_SYS_TYPES_H 1
| #define HAVE_UNISTD_H 1
| #define STDC_HEADERS 1
| #define HAVE_DLFCN_H 1
| #define LT_OBJDIR ".libs/"
| #define SIZEOF_SIZE_T 8
| #define HAVE_MEMCPY 1
| #define HAVE_ALLOCA_H 1
| #define SIZEOF_DOUBLE 8
| /* end confdefs.h.  */
| #include <stddef.h>
| #ifdef HAVE_STDIO_H
| # include <stdio.h>
| #endif
| #ifdef HAVE_STDLIB_H
| # include <stdlib.h>
| #endif
| #ifdef HAVE_STRING_H
| # include <string.h>
| #endif
| #ifdef HAVE_INTTYPES_H
| # include <inttypes.h>
| #endif
| #ifdef HAVE_STDINT_H
| # include <stdint.h>
| #endif
| #ifdef HAVE_STRINGS_H
| # include <strings.h>
| #endif
| #ifdef HAVE_SYS_TYPES_H
| # include <sys/types.h>
| #endif
| #ifdef HAVE_SYS_STAT_H
| # include <sys/stat.h>
| #endif
| #ifdef HAVE_UNISTD_H
| # include <unistd.h>
| #endif
| int
| main (void)
| {
| static int test_array [1 - 2 * !(((long int) (sizeof (long double))) <= 15)];
| test_array [0] = 0;
| return test_array [0];
| 
|   ;
|   return 0;
| }
configure:18778: xcrun -sdk iphonesimulator clang -target x86_64-apple-ios-simulator -c -Wall -miphoneos-version-min=7.0 -fembed-bitcode -fexceptions  conftest.c >&5
configure:18778: $? = 0
configure:18778: xcrun -sdk iphonesimulator clang -target x86_64-apple-ios-simulator -c -Wall -miphoneos-version-min=7.0 -fembed-bitcode -fexceptions  conftest.c >&5
configure:18778: $? = 0
configure:18778: xcrun -sdk iphonesimulator clang -target x86_64-apple-ios-simulator -c -Wall -miphoneos-version-min=7.0 -fembed-bitcode -fexceptions  conftest.c >&5
configure:18778: $? = 0
configure:18778: xcrun -sdk iphonesimulator clang -target x86_64-apple-ios-simulator -c -Wall -miphoneos-version-min=7.0 -fembed-bitcode -fexceptions  conftest.c >&5
configure:18778: $? = 0
configure:18778: xcrun -sdk iphonesimulator clang -target x86_64-apple-ios-simulator -c -Wall -miphoneos-version-min=7.0 -fembed-bitcode -fexceptions  conftest.c >&5
configure:18778: $? = 0
configure:18793: result: 16
configure:18824: checking whether byte ordering is bigendian
configure:18840: xcrun -sdk iphonesimulator clang -target x86_64-apple-ios-simulator -c -Wall -miphoneos-version-min=7.0 -fembed-bitcode -fexceptions  conftest.c >&5
configure:18840: $? = 0
configure:18886: xcrun -sdk iphonesimulator clang -target x86_64-apple-ios-simulator -c -Wall -miphoneos-version-min=7.0 -fembed-bitcode -fexceptions  conftest.c >&5
configure:18886: $? = 0
configure:18905: xcrun -sdk iphonesimulator clang -target x86_64-apple-ios-simulator -c -Wall -miphoneos-version-min=7.0 -fembed-bitcode -fexceptions  conftest.c >&5
conftest.c:36:4: error: use of undeclared identifier 'not'
   36 |                  not big endian
      |                  ^
1 error generated.
configure:18905: $? = 1
configure: failed program was:
| /* confdefs.h */
| #define PACKAGE_NAME "libffi"
| #define PACKAGE_TARNAME "libffi"
| #define PACKAGE_VERSION "3.4.6"
| #define PACKAGE_STRING "libffi 3.4.6"
| #define PACKAGE_BUGREPORT "http://github.com/libffi/libffi/issues"
| #define PACKAGE_URL ""
| #define PACKAGE "libffi"
| #define VERSION "3.4.6"
| #define HAVE_STDIO_H 1
| #define HAVE_STDLIB_H 1
| #define HAVE_STRING_H 1
| #define HAVE_INTTYPES_H 1
| #define HAVE_STDINT_H 1
| #define HAVE_STRINGS_H 1
| #define HAVE_SYS_STAT_H 1
| #define HAVE_SYS_TYPES_H 1
| #define HAVE_UNISTD_H 1
| #define STDC_HEADERS 1
| #define HAVE_DLFCN_H 1
| #define LT_OBJDIR ".libs/"
| #define SIZEOF_SIZE_T 8
| #define HAVE_MEMCPY 1
| #define HAVE_ALLOCA_H 1
| #define SIZEOF_DOUBLE 8
| #define SIZEOF_LONG_DOUBLE 16
| #define HAVE_LONG_DOUBLE 1
| /* end confdefs.h.  */
| #include <sys/types.h>
| 		#include <sys/param.h>
| 
| int
| main (void)
| {
| #if BYTE_ORDER != BIG_ENDIAN
| 		 not big endian
| 		#endif
| 
|   ;
|   return 0;
| }
configure:19039: result: no
configure:19058: checking assembler .cfi pseudo-op support
configure:19077: xcrun -sdk iphonesimulator clang -target x86_64-apple-ios-simulator -c -Wall -miphoneos-version-min=7.0 -fembed-bitcode -fexceptions  conftest.c >&5
configure:19077: $? = 0
configure:19086: result: yes
configure:19177: checking assembler supports pc related relocs
configure:19191: result: yes
configure:19227: checking whether compiler supports pointer authentication
configure:19256: xcrun -sdk iphonesimulator clang -target x86_64-apple-ios-simulator -c -Wall -miphoneos-version-min=7.0 -fembed-bitcode -fexceptions  conftest.c >&5
conftest.c:43:3: error: Pointer authentication not supported
   43 | # error Pointer authentication not supported
      |   ^
1 error generated.
configure:19256: $? = 1
configure: failed program was:
| /* confdefs.h */
| #define PACKAGE_NAME "libffi"
| #define PACKAGE_TARNAME "libffi"
| #define PACKAGE_VERSION "3.4.6"
| #define PACKAGE_STRING "libffi 3.4.6"
| #define PACKAGE_BUGREPORT "http://github.com/libffi/libffi/issues"
| #define PACKAGE_URL ""
| #define PACKAGE "libffi"
| #define VERSION "3.4.6"
| #define HAVE_STDIO_H 1
| #define HAVE_STDLIB_H 1
| #define HAVE_STRING_H 1
| #define HAVE_INTTYPES_H 1
| #define HAVE_STDINT_H 1
| #define HAVE_STRINGS_H 1
| #define HAVE_SYS_STAT_H 1
| #define HAVE_SYS_TYPES_H 1
| #define HAVE_UNISTD_H 1
| #define STDC_HEADERS 1
| #define HAVE_DLFCN_H 1
| #define LT_OBJDIR ".libs/"
| #define SIZEOF_SIZE_T 8
| #define HAVE_MEMCPY 1
| #define HAVE_ALLOCA_H 1
| #define SIZEOF_DOUBLE 8
| #define SIZEOF_LONG_DOUBLE 16
| #define HAVE_LONG_DOUBLE 1
| #define HAVE_AS_CFI_PSEUDO_OP 1
| #define HAVE_AS_X86_PCREL 1
| /* end confdefs.h.  */
| 
| int
| main (void)
| {
| 
| #ifdef __clang__
| # if __has_feature(ptrauth_calls)
| #  define HAVE_PTRAUTH 1
| # endif
| #endif
| 
| #ifndef HAVE_PTRAUTH
| # error Pointer authentication not supported
| #endif
| 
|   ;
|   return 0;
| }
configure:19265: result: no
configure:19291: checking for _ prefix in compiled symbols
configure:19302: xcrun -sdk iphonesimulator clang -target x86_64-apple-ios-simulator -c -Wall -miphoneos-version-min=7.0 -fembed-bitcode -fexceptions  conftest.c >&5
conftest.c:2:12: warning: expression result unused [-Wunused-value]
    2 | int main(){nm_test_func;return 0;}
      |            ^~~~~~~~~~~~
1 warning generated.
configure:19305: $? = 0
configure:19309: nm conftest.o \| /usr/bin/sed -n -e 's/^.*[	 ]\([ABCDGIRSTW][ABCDGIRSTW]*\)[	 ][	 ]*_\([_A-Za-z][_A-Za-z0-9]*\)$/\1 _\2 \2/p' | /usr/bin/sed '/ __gnu_lto/d' \> conftest.nm
configure:19312: $? = 0
configure:19334: result: yes
configure:19370: checking toolchain supports unwind section type
configure:19400: result: no
configure:19410: checking whether C compiler accepts -fno-lto
configure:19430: xcrun -sdk iphonesimulator clang -target x86_64-apple-ios-simulator -c -Wall -miphoneos-version-min=7.0 -fembed-bitcode -fexceptions  -fno-lto  conftest.c >&5
configure:19430: $? = 0
configure:19439: result: yes
configure:19449: checking whether .eh_frame section should be read-only
configure:19466: result: yes
configure:19481: checking for __attribute__((visibility("hidden")))
configure:19491: xcrun -sdk iphonesimulator clang -target x86_64-apple-ios-simulator -Werror -S conftest.c -o conftest.s 1>&5
configure:19494: $? = 0
configure:19503: result: yes
configure:19981: versioning on shared library symbols is no
configure:20102: checking that generated files are newer than configure
configure:20108: result: done
configure:20176: creating ./config.status

## ---------------------- ##
## Running config.status. ##
## ---------------------- ##

This file was extended by libffi config.status 3.4.6, which was
generated by GNU Autoconf 2.71.  Invocation command line was

  CONFIG_FILES    = 
  CONFIG_HEADERS  = 
  CONFIG_LINKS    = 
  CONFIG_COMMANDS = 
  $ ./config.status 

on Vus-iMac.local

config.status:1216: creating include/Makefile
config.status:1216: creating include/ffi.h
config.status:1216: creating Makefile
config.status:1216: creating testsuite/Makefile
config.status:1216: creating man/Makefile
config.status:1216: creating doc/Makefile
config.status:1216: creating libffi.pc
config.status:1216: creating fficonfig.h
config.status:1430: executing buildir commands
config.status:1443: skipping top_srcdir/Makefile - not created
config.status:1430: executing depfiles commands
config.status:1651: cd .       && sed -e '/# am--include-marker/d' Makefile         | make -f - am--depfiles
config.status:1656: $? = 0
config.status:1430: executing libtool commands
config.status:1430: executing include commands
config.status:1430: executing src commands

## ---------------- ##
## Cache variables. ##
## ---------------- ##

ac_cv_build=x86_64-apple-darwin
ac_cv_c_bigendian=no
ac_cv_c_compiler_gnu=yes
ac_cv_cflags_warn_all=-Wall
ac_cv_cxx_compiler_gnu=yes
ac_cv_env_CCASFLAGS_set=
ac_cv_env_CCASFLAGS_value=
ac_cv_env_CCAS_set=
ac_cv_env_CCAS_value=
ac_cv_env_CPPFLAGS_set=
ac_cv_env_CPPFLAGS_value=
ac_cv_env_CXXCPP_set=
ac_cv_env_CXXCPP_value=
ac_cv_env_LT_SYS_LIBRARY_PATH_set=
ac_cv_env_LT_SYS_LIBRARY_PATH_value=
ac_cv_env_build_alias_set=set
ac_cv_env_build_alias_value=x86_64-apple-darwin
ac_cv_env_host_alias_set=set
ac_cv_env_host_alias_value=x86_64-apple-ios-simulator
ac_cv_env_target_alias_set=
ac_cv_env_target_alias_value=
ac_cv_func_memcpy=yes
ac_cv_func_memfd_create=no
ac_cv_header_alloca_h=yes
ac_cv_header_dlfcn_h=yes
ac_cv_header_inttypes_h=yes
ac_cv_header_stdint_h=yes
ac_cv_header_stdio_h=yes
ac_cv_header_stdlib_h=yes
ac_cv_header_string_h=yes
ac_cv_header_strings_h=yes
ac_cv_header_sys_memfd_h=no
ac_cv_header_sys_stat_h=yes
ac_cv_header_sys_types_h=yes
ac_cv_header_unistd_h=yes
ac_cv_host=x86_64-apple-ios-simulator
ac_cv_objext=o
ac_cv_path_EGREP='/usr/bin/grep -E'
ac_cv_path_FGREP='/usr/bin/grep -F'
ac_cv_path_GREP=/usr/bin/grep
ac_cv_path_SED=/usr/bin/sed
ac_cv_path_ax_enable_builddir_sed=sed
ac_cv_path_install='/usr/bin/install -c'
ac_cv_path_lt_DD=/bin/dd
ac_cv_prog_AWK=awk
ac_cv_prog_CC='xcrun -sdk iphonesimulator clang -target x86_64-apple-ios-simulator'
ac_cv_prog_CXXCPP='g++ -E'
ac_cv_prog_STRIP=strip
ac_cv_prog_ac_ct_AR=ar
ac_cv_prog_ac_ct_CXX=g++
ac_cv_prog_ac_ct_DUMPBIN='link -dump'
ac_cv_prog_ac_ct_FILECMD=file
ac_cv_prog_ac_ct_OBJDUMP=objdump
ac_cv_prog_ac_ct_RANLIB=ranlib
ac_cv_prog_ac_ct_STRIP=strip
ac_cv_prog_cc_c11=
ac_cv_prog_cc_g=yes
ac_cv_prog_cc_stdc=
ac_cv_prog_cxx_cxx11=
ac_cv_prog_cxx_g=yes
ac_cv_prog_cxx_stdcxx=
ac_cv_prog_make_make_set=yes
ac_cv_sizeof_double=8
ac_cv_sizeof_long_double=16
ac_cv_sizeof_size_t=8
ac_cv_target=x86_64-apple-ios-simulator
am_cv_CCAS_dependencies_compiler_type=gcc3
am_cv_CC_dependencies_compiler_type=gcc3
am_cv_CXX_dependencies_compiler_type=gcc3
am_cv_make_support_nested_variables=yes
am_cv_prog_cc_c_o=yes
ax_cv_c_compiler_vendor=clang
ax_cv_check_cflags___fno_lto=yes
gcc_cv_as_cfi_pseudo_op=yes
libffi_cv_as_ptrauth=no
libffi_cv_as_x86_64_unwind_section_type=no
libffi_cv_as_x86_pcrel=yes
libffi_cv_hidden_visibility_attribute=yes
libffi_cv_no_lto=-fno-lto
libffi_cv_ro_eh_frame=yes
lt_cv_ar_at_file=no
lt_cv_deplibs_check_method=unknown
lt_cv_file_magic_cmd='$MAGIC_CMD'
lt_cv_file_magic_test_file=
lt_cv_ld_reload_flag=-r
lt_cv_nm_interface='BSD nm'
lt_cv_objdir=.libs
lt_cv_path_LD='xcrun -sdk iphonesimulator ld -target x86_64-apple-ios-simulator'
lt_cv_path_LDCXX='xcrun -sdk iphonesimulator ld -target x86_64-apple-ios-simulator'
lt_cv_path_NM=no
lt_cv_path_mainfest_tool=no
lt_cv_prog_compiler_c_o=yes
lt_cv_prog_compiler_c_o_CXX=yes
lt_cv_prog_compiler_pic='-fPIC -DPIC'
lt_cv_prog_compiler_pic_CXX='-fPIC -DPIC'
lt_cv_prog_compiler_pic_works=yes
lt_cv_prog_compiler_pic_works_CXX=yes
lt_cv_prog_compiler_rtti_exceptions=yes
lt_cv_prog_compiler_static_works=no
lt_cv_prog_compiler_static_works_CXX=no
lt_cv_prog_gnu_ld=no
lt_cv_prog_gnu_ldcxx=no
lt_cv_sharedlib_from_linklib_cmd='printf %s\n'
lt_cv_sys_global_symbol_pipe='/usr/bin/sed -n -e '\''s/^.*[	 ]\([ABCDGIRSTW][ABCDGIRSTW]*\)[	 ][	 ]*_\([_A-Za-z][_A-Za-z0-9]*\)$/\1 _\2 \2/p'\'' | /usr/bin/sed '\''/ __gnu_lto/d'\'''
lt_cv_sys_global_symbol_to_c_name_address='/usr/bin/sed -n -e '\''s/^: \(.*\) .*$/  {"\1", (void *) 0},/p'\'' -e '\''s/^[ABCDGIRSTW][ABCDGIRSTW]* .* \(.*\)$/  {"\1", (void *) \&\1},/p'\'''
lt_cv_sys_global_symbol_to_c_name_address_lib_prefix='/usr/bin/sed -n -e '\''s/^: \(.*\) .*$/  {"\1", (void *) 0},/p'\'' -e '\''s/^[ABCDGIRSTW][ABCDGIRSTW]* .* \(lib.*\)$/  {"\1", (void *) \&\1},/p'\'' -e '\''s/^[ABCDGIRSTW][ABCDGIRSTW]* .* \(.*\)$/  {"lib\1", (void *) \&\1},/p'\'''
lt_cv_sys_global_symbol_to_cdecl='/usr/bin/sed -n -e '\''s/^T .* \(.*\)$/extern int \1();/p'\'' -e '\''s/^[ABCDGIRSTW][ABCDGIRSTW]* .* \(.*\)$/extern char \1;/p'\'''
lt_cv_sys_global_symbol_to_import=
lt_cv_sys_max_cmd_len=786432
lt_cv_sys_symbol_underscore=yes
lt_cv_to_host_file_cmd=func_convert_file_noop
lt_cv_to_tool_file_cmd=func_convert_file_noop
lt_cv_truncate_bin='/bin/dd bs=4096 count=1'

## ----------------- ##
## Output variables. ##
## ----------------- ##

ACLOCAL='${SHELL} '\''/Volumes/D/Angel-Aura-Amethyst-iOS/Angel-Aura-Amethyst-iOS/lwgjl/lwjgl3-wip-rebase_3.3.3/libffi/missing'\'' aclocal-1.16'
AMDEPBACKSLASH='\'
AMDEP_FALSE='#'
AMDEP_TRUE=''
AMTAR='$${TAR-tar}'
AM_BACKSLASH='\'
AM_DEFAULT_V='$(AM_DEFAULT_VERBOSITY)'
AM_DEFAULT_VERBOSITY='1'
AM_LTLDFLAGS=''
AM_RUNTESTFLAGS=''
AM_V='$(V)'
AR='ar'
AUTOCONF='${SHELL} '\''/Volumes/D/Angel-Aura-Amethyst-iOS/Angel-Aura-Amethyst-iOS/lwgjl/lwjgl3-wip-rebase_3.3.3/libffi/missing'\'' autoconf'
AUTOHEADER='${SHELL} '\''/Volumes/D/Angel-Aura-Amethyst-iOS/Angel-Aura-Amethyst-iOS/lwgjl/lwjgl3-wip-rebase_3.3.3/libffi/missing'\'' autoheader'
AUTOMAKE='${SHELL} '\''/Volumes/D/Angel-Aura-Amethyst-iOS/Angel-Aura-Amethyst-iOS/lwgjl/lwjgl3-wip-rebase_3.3.3/libffi/missing'\'' automake-1.16'
AWK='awk'
BUILD_DOCS_FALSE='#'
BUILD_DOCS_TRUE=''
CC='xcrun -sdk iphonesimulator clang -target x86_64-apple-ios-simulator'
CCAS='xcrun -sdk iphonesimulator clang -target x86_64-apple-ios-simulator'
CCASDEPMODE='depmode=gcc3'
CCASFLAGS='-miphoneos-version-min=7.0 -fembed-bitcode'
CCDEPMODE='depmode=gcc3'
CFLAGS='-Wall -miphoneos-version-min=7.0 -fembed-bitcode -fexceptions'
CPPFLAGS=''
CSCOPE='cscope'
CTAGS='ctags'
CXX='g++'
CXXCPP='g++ -E'
CXXDEPMODE='depmode=gcc3'
CXXFLAGS='-g -O2'
CYGPATH_W='echo'
DEFS='-DHAVE_CONFIG_H'
DEPDIR='.deps'
DLLTOOL='false'
DSYMUTIL=''
DUMPBIN=':'
ECHO_C='\c'
ECHO_N=''
ECHO_T=''
EGREP='/usr/bin/grep -E'
ETAGS='etags'
EXEEXT=''
FFI_DEBUG_FALSE=''
FFI_DEBUG_TRUE='#'
FFI_EXEC_TRAMPOLINE_TABLE='0'
FFI_EXEC_TRAMPOLINE_TABLE_FALSE=''
FFI_EXEC_TRAMPOLINE_TABLE_TRUE='#'
FGREP='/usr/bin/grep -F'
FILECMD='file'
GREP='/usr/bin/grep'
HAVE_LONG_DOUBLE='1'
HAVE_LONG_DOUBLE_VARIANT='0'
INSTALL_DATA='${INSTALL} -m 644'
INSTALL_PROGRAM='${INSTALL}'
INSTALL_SCRIPT='${INSTALL}'
INSTALL_STRIP_PROGRAM='$(install_sh) -c -s'
LD='xcrun -sdk iphonesimulator ld -target x86_64-apple-ios-simulator'
LDFLAGS=''
LIBFFI_BUILD_VERSIONED_SHLIB_FALSE=''
LIBFFI_BUILD_VERSIONED_SHLIB_GNU_FALSE=''
LIBFFI_BUILD_VERSIONED_SHLIB_GNU_TRUE='#'
LIBFFI_BUILD_VERSIONED_SHLIB_SUN_FALSE=''
LIBFFI_BUILD_VERSIONED_SHLIB_SUN_TRUE='#'
LIBFFI_BUILD_VERSIONED_SHLIB_TRUE='#'
LIBOBJS=''
LIBS=''
LIBTOOL='$(SHELL) $(top_builddir)/libtool'
LIPO=''
LN_S='ln -s'
LTLIBOBJS=''
LT_SYS_LIBRARY_PATH=''
MAINT='#'
MAINTAINER_MODE_FALSE=''
MAINTAINER_MODE_TRUE='#'
MAKEINFO='${SHELL} '\''/Volumes/D/Angel-Aura-Amethyst-iOS/Angel-Aura-Amethyst-iOS/lwgjl/lwjgl3-wip-rebase_3.3.3/libffi/missing'\'' makeinfo'
MANIFEST_TOOL=':'
MKDIR_P='../install-sh -c -d'
NM='nm'
NMEDIT=''
OBJDUMP='objdump'
OBJEXT='o'
OPT_LDFLAGS=''
OTOOL64=''
OTOOL=''
PACKAGE='libffi'
PACKAGE_BUGREPORT='http://github.com/libffi/libffi/issues'
PACKAGE_NAME='libffi'
PACKAGE_STRING='libffi 3.4.6'
PACKAGE_TARNAME='libffi'
PACKAGE_URL=''
PACKAGE_VERSION='3.4.6'
PATH_SEPARATOR=':'
PRTDIAG=''
RANLIB='ranlib'
READELF=''
SECTION_LDFLAGS=''
SED='/usr/bin/sed'
SET_MAKE=''
SHELL='/bin/sh'
STRIP='strip'
TARGET='X86_64'
TARGETDIR='x86'
TARGET_OBJ=' src/x86/ffi64.lo src/x86/unix64.lo src/x86/ffiw64.lo src/x86/win64.lo'
TESTSUBDIR_FALSE='#'
TESTSUBDIR_TRUE=''
VERSION='3.4.6'
ac_ct_AR='ar'
ac_ct_CC=''
ac_ct_CXX='g++'
ac_ct_DUMPBIN='link -dump'
am__EXEEXT_FALSE=''
am__EXEEXT_TRUE='#'
am__fastdepCCAS_FALSE='#'
am__fastdepCCAS_TRUE=''
am__fastdepCC_FALSE='#'
am__fastdepCC_TRUE=''
am__fastdepCXX_FALSE='#'
am__fastdepCXX_TRUE=''
am__include='include'
am__isrc=' -I$(srcdir)'
am__leading_dot='.'
am__nodep='_no'
am__quote=''
am__tar='$${TAR-tar} chof - "$$tardir"'
am__untar='$${TAR-tar} xf -'
ax_enable_builddir_sed='sed'
bindir='${exec_prefix}/bin'
build='x86_64-apple-darwin'
build_alias='x86_64-apple-darwin'
build_cpu='x86_64'
build_os='darwin'
build_vendor='apple'
datadir='${datarootdir}'
datarootdir='${prefix}/share'
docdir='${datarootdir}/doc/${PACKAGE_TARNAME}'
dvidir='${docdir}'
exec_prefix='${prefix}'
host='x86_64-apple-ios-simulator'
host_alias='x86_64-apple-ios-simulator'
host_cpu='x86_64'
host_os='ios-simulator'
host_vendor='apple'
htmldir='${docdir}'
includedir='${prefix}/include'
infodir='${datarootdir}/info'
install_sh='${SHELL} /Volumes/D/Angel-Aura-Amethyst-iOS/Angel-Aura-Amethyst-iOS/lwgjl/lwjgl3-wip-rebase_3.3.3/libffi/install-sh'
libdir='${exec_prefix}/lib'
libexecdir='${exec_prefix}/libexec'
localedir='${datarootdir}/locale'
localstatedir='${prefix}/var'
mandir='${datarootdir}/man'
mkdir_p='$(MKDIR_P)'
oldincludedir='/usr/include'
pdfdir='${docdir}'
prefix='/usr/local'
program_transform_name='s,x,x,'
psdir='${docdir}'
runstatedir='${localstatedir}/run'
sbindir='${exec_prefix}/sbin'
sharedstatedir='${prefix}/com'
sys_symbol_underscore='yes'
sysconfdir='${prefix}/etc'
target='x86_64-apple-ios-simulator'
target_alias='x86_64-apple-ios-simulator'
target_cpu='x86_64'
target_os='ios-simulator'
target_vendor='apple'
tmake_file=''
toolexecdir='${libdir}/gcc-lib/$(target_alias)'
toolexeclibdir='${libdir}'

## ----------- ##
## confdefs.h. ##
## ----------- ##

/* confdefs.h */
#define PACKAGE_NAME "libffi"
#define PACKAGE_TARNAME "libffi"
#define PACKAGE_VERSION "3.4.6"
#define PACKAGE_STRING "libffi 3.4.6"
#define PACKAGE_BUGREPORT "http://github.com/libffi/libffi/issues"
#define PACKAGE_URL ""
#define PACKAGE "libffi"
#define VERSION "3.4.6"
#define HAVE_STDIO_H 1
#define HAVE_STDLIB_H 1
#define HAVE_STRING_H 1
#define HAVE_INTTYPES_H 1
#define HAVE_STDINT_H 1
#define HAVE_STRINGS_H 1
#define HAVE_SYS_STAT_H 1
#define HAVE_SYS_TYPES_H 1
#define HAVE_UNISTD_H 1
#define STDC_HEADERS 1
#define HAVE_DLFCN_H 1
#define LT_OBJDIR ".libs/"
#define SIZEOF_SIZE_T 8
#define HAVE_MEMCPY 1
#define HAVE_ALLOCA_H 1
#define SIZEOF_DOUBLE 8
#define SIZEOF_LONG_DOUBLE 16
#define HAVE_LONG_DOUBLE 1
#define HAVE_AS_CFI_PSEUDO_OP 1
#define HAVE_AS_X86_PCREL 1
#define SYMBOL_UNDERSCORE 1
#define FFI_MMAP_EXEC_WRIT 1
#define HAVE_RO_EH_FRAME 1
#define EH_FRAME_FLAGS "a"
#define HAVE_HIDDEN_VISIBILITY_ATTRIBUTE 1

configure: exit 0
