This file contains any messages produced by compilers while
running configure, to aid debugging if configure makes a mistake.

It was created by libffi configure 3.5.2, which was
generated by GNU Autoconf 2.72.  Invocation command line was

  $ ../configure --host=arm64-apple-ios-simulator --build=x86_64-apple-darwin

## --------- ##
## Platform. ##
## --------- ##

hostname = Vus-iMac.local
uname -m = x86_64
uname -r = 24.6.0
uname -s = Darwin
uname -v = Darwin Kernel Version 24.6.0: Tue Apr 21 20:17:54 PDT 2026; root:xnu-11417.140.69.710.16~1/RELEASE_X86_64

/usr/bin/uname -p = i386
/bin/uname -X     = unknown

/bin/arch              = unknown
/usr/bin/arch -k       = unknown
/usr/convex/getsysinfo = unknown
/usr/bin/hostinfo      = Mach kernel version:
	 Darwin Kernel Version 24.6.0: Tue Apr 21 20:17:54 PDT 2026; root:xnu-11417.140.69.710.16~1/RELEASE_X86_64
Kernel configured for up to 8 processors.
4 processors are physically available.
8 processors are logically available.
Processor type: x86_64h (Intel x86-64h Haswell)
Processors active: 0 1 2 3 4 5 6 7
Primary memory available: 16.00 gigabytes
Default processor set: 664 tasks, 3136 threads, 8 processors
Load average: 14.34, Mach factor: 0.87
/bin/machine           = unknown
/usr/bin/oslevel       = unknown
/bin/universe          = unknown

PATH: /usr/gnu/bin/
PATH: /usr/local/bin/
PATH: /bin/
PATH: /usr/bin/
PATH: ./


## ----------- ##
## Core tests. ##
## ----------- ##

configure:3053: looking for aux files: ltmain.sh compile missing install-sh config.guess config.sub
configure:3066:  trying ../
configure:3095:   ../ltmain.sh found
configure:3095:   ../compile found
configure:3095:   ../missing found
configure:3077:   ../install-sh found
configure:3095:   ../config.guess found
configure:3095:   ../config.sub found
configure:3222: checking build system type
configure:3238: result: x86_64-apple-darwin
configure:3258: checking host system type
configure:3273: result: aarch64-apple-ios-simulator
configure:3293: checking target system type
configure:3308: result: aarch64-apple-ios-simulator
configure:3407: checking for gsed
configure:3444: result: sed
configure:3473: checking for a BSD-compatible install
configure:3547: result: /usr/bin/install -c
configure:3558: checking whether sleep supports fractional seconds
configure:3574: result: yes
configure:3577: checking filesystem timestamp resolution
configure:3712: result: 2
configure:3717: checking whether build environment is sane
configure:3758: result: yes
configure:3820: checking for arm64-apple-ios-simulator-strip
configure:3856: result: no
configure:3866: checking for strip
configure:3887: found /usr/bin/strip
configure:3899: result: strip
configure:3911: WARNING: using cross tools not prefixed with host triplet
configure:3925: checking for a race-free mkdir -p
configure:3968: result: mkdir -p
configure:3975: checking for gawk
configure:4011: result: no
configure:3975: checking for mawk
configure:4011: result: no
configure:3975: checking for nawk
configure:4011: result: no
configure:3975: checking for awk
configure:3996: found /usr/bin/awk
configure:4008: result: awk
configure:4019: checking whether make sets $(MAKE)
configure:4043: result: yes
configure:4069: checking whether make supports nested variables
configure:4088: result: yes
configure:4102: checking xargs -n works
configure:4118: result: yes
configure:4244: checking for arm64-apple-ios-simulator-gcc
configure:4277: result: xcrun -sdk iphonesimulator clang -target arm64-apple-ios-simulator
configure:4682: checking for C compiler version
configure:4691: xcrun -sdk iphonesimulator clang -target arm64-apple-ios-simulator --version >&5
Apple clang version 17.0.0 (clang-1700.6.4.2)
Target: arm64-apple-ios-simulator
Thread model: posix
InstalledDir: /Volumes/D/Applications/Xcode.app/Contents/Developer/Toolchains/XcodeDefault.xctoolchain/usr/bin
configure:4702: $? = 0
configure:4691: xcrun -sdk iphonesimulator clang -target arm64-apple-ios-simulator -v >&5
Apple clang version 17.0.0 (clang-1700.6.4.2)
Target: arm64-apple-ios-simulator
Thread model: posix
InstalledDir: /Volumes/D/Applications/Xcode.app/Contents/Developer/Toolchains/XcodeDefault.xctoolchain/usr/bin
configure:4702: $? = 0
configure:4691: xcrun -sdk iphonesimulator clang -target arm64-apple-ios-simulator -V >&5
clang: error: argument to '-V' is missing (expected 1 value)
clang: error: no input files
configure:4702: $? = 1
configure:4691: xcrun -sdk iphonesimulator clang -target arm64-apple-ios-simulator -qversion >&5
clang: error: unknown argument '-qversion'; did you mean '--version'?
clang: error: no input files
configure:4702: $? = 1
configure:4691: xcrun -sdk iphonesimulator clang -target arm64-apple-ios-simulator -version >&5
clang: error: unknown argument '-version'; did you mean '--version'?
clang: error: no input files
configure:4702: $? = 1
configure:4722: checking whether the C compiler works
configure:4744: xcrun -sdk iphonesimulator clang -target arm64-apple-ios-simulator -miphoneos-version-min=7.0   conftest.c  >&5
configure:4748: $? = 0
configure:4799: result: yes
configure:4803: checking for C compiler default output file name
configure:4805: result: a.out
configure:4811: checking for suffix of executables
configure:4818: xcrun -sdk iphonesimulator clang -target arm64-apple-ios-simulator -o conftest -miphoneos-version-min=7.0   conftest.c  >&5
configure:4822: $? = 0
configure:4846: result: 
configure:4870: checking whether we are cross compiling
configure:4908: result: yes
configure:4914: checking for suffix of object files
configure:4937: xcrun -sdk iphonesimulator clang -target arm64-apple-ios-simulator -c -miphoneos-version-min=7.0  conftest.c >&5
configure:4941: $? = 0
configure:4965: result: o
configure:4969: checking whether the compiler supports GNU C
configure:4989: xcrun -sdk iphonesimulator clang -target arm64-apple-ios-simulator -c -miphoneos-version-min=7.0  conftest.c >&5
configure:4989: $? = 0
configure:5001: result: yes
configure:5012: checking whether xcrun -sdk iphonesimulator clang -target arm64-apple-ios-simulator accepts -g
configure:5033: xcrun -sdk iphonesimulator clang -target arm64-apple-ios-simulator -c -g  conftest.c >&5
configure:5033: $? = 0
configure:5080: result: yes
configure:5100: checking for xcrun -sdk iphonesimulator clang -target arm64-apple-ios-simulator option to enable C11 features
configure:5115: xcrun -sdk iphonesimulator clang -target arm64-apple-ios-simulator  -c -miphoneos-version-min=7.0  conftest.c >&5
configure:5115: $? = 0
configure:5134: result: none needed
configure:5258: checking whether xcrun -sdk iphonesimulator clang -target arm64-apple-ios-simulator understands -c and -o together
configure:5281: xcrun -sdk iphonesimulator clang -target arm64-apple-ios-simulator -c conftest.c -o conftest2.o
configure:5284: $? = 0
configure:5281: xcrun -sdk iphonesimulator clang -target arm64-apple-ios-simulator -c conftest.c -o conftest2.o
configure:5284: $? = 0
configure:5297: result: yes
configure:5317: checking whether make supports the include directive
configure:5332: make -f confmf.GNU && cat confinc.out
this is the am__doit target
configure:5335: $? = 0
configure:5354: result: yes (GNU style)
configure:5380: checking dependency style of xcrun -sdk iphonesimulator clang -target arm64-apple-ios-simulator
configure:5493: result: gcc3
configure:5528: checking for arm64-apple-ios-simulator-g++
configure:5564: result: no
configure:5528: checking for arm64-apple-ios-simulator-c++
configure:5564: result: no
configure:5528: checking for arm64-apple-ios-simulator-gpp
configure:5564: result: no
configure:5528: checking for arm64-apple-ios-simulator-aCC
configure:5564: result: no
configure:5528: checking for arm64-apple-ios-simulator-CC
configure:5564: result: no
configure:5528: checking for arm64-apple-ios-simulator-cxx
configure:5564: result: no
configure:5528: checking for arm64-apple-ios-simulator-cc++
configure:5564: result: no
configure:5528: checking for arm64-apple-ios-simulator-cl.exe
configure:5564: result: no
configure:5528: checking for arm64-apple-ios-simulator-FCC
configure:5564: result: no
configure:5528: checking for arm64-apple-ios-simulator-KCC
configure:5564: result: no
configure:5528: checking for arm64-apple-ios-simulator-RCC
configure:5564: result: no
configure:5528: checking for arm64-apple-ios-simulator-xlC_r
configure:5564: result: no
configure:5528: checking for arm64-apple-ios-simulator-xlC
configure:5564: result: no
configure:5528: checking for arm64-apple-ios-simulator-clang++
configure:5564: result: no
configure:5578: checking for g++
configure:5599: found /usr/bin/g++
configure:5611: result: g++
configure:5638: checking for C++ compiler version
configure:5647: g++ --version >&5
Apple clang version 17.0.0 (clang-1700.6.4.2)
Target: x86_64-apple-darwin24.6.0
Thread model: posix
InstalledDir: /Volumes/D/Applications/Xcode.app/Contents/Developer/Toolchains/XcodeDefault.xctoolchain/usr/bin
configure:5658: $? = 0
configure:5647: g++ -v >&5
Apple clang version 17.0.0 (clang-1700.6.4.2)
Target: x86_64-apple-darwin24.6.0
Thread model: posix
InstalledDir: /Volumes/D/Applications/Xcode.app/Contents/Developer/Toolchains/XcodeDefault.xctoolchain/usr/bin
configure:5658: $? = 0
configure:5647: g++ -V >&5
clang++: error: argument to '-V' is missing (expected 1 value)
clang++: error: no input files
configure:5658: $? = 1
configure:5647: g++ -qversion >&5
clang++: error: unknown argument '-qversion'; did you mean '--version'?
clang++: error: no input files
configure:5658: $? = 1
configure:5662: checking whether the compiler supports GNU C++
configure:5682: g++ -c   conftest.cpp >&5
configure:5682: $? = 0
configure:5694: result: yes
configure:5705: checking whether g++ accepts -g
configure:5726: g++ -c -g  conftest.cpp >&5
configure:5726: $? = 0
configure:5773: result: yes
configure:5793: checking for g++ option to enable C++11 features
configure:5808: g++  -c -g -O2  conftest.cpp >&5
conftest.cpp:177:25: warning: empty parentheses interpreted as a function declaration [-Wvexing-parse]
  177 |   cxx11test::delegate d2();
      |                         ^~
conftest.cpp:177:25: note: remove parentheses to declare a variable
  177 |   cxx11test::delegate d2();
      |                         ^~
1 warning generated.
configure:5808: $? = 0
configure:5827: result: none needed
configure:5898: checking dependency style of g++
configure:6011: result: gcc3
configure:6041: checking dependency style of xcrun -sdk iphonesimulator clang -target arm64-apple-ios-simulator
configure:6152: result: gcc3
configure:6168: checking for grep that handles long lines and -e
configure:6234: result: /usr/bin/grep
configure:6239: checking for egrep
configure:6309: result: /usr/bin/grep -E
configure:6363: checking how to print strings
configure:6390: result: printf
configure:6411: checking for a sed that does not truncate output
configure:6483: result: /usr/bin/sed
configure:6501: checking for fgrep
configure:6571: result: /usr/bin/grep -F
configure:6608: checking for ld used by xcrun -sdk iphonesimulator clang -target arm64-apple-ios-simulator
configure:6677: result: xcrun -sdk iphonesimulator ld -target arm64-apple-ios-simulator
configure:6684: checking if the linker (xcrun -sdk iphonesimulator ld -target arm64-apple-ios-simulator) is GNU ld
configure:6701: result: no
configure:6713: checking for BSD- or MS-compatible name lister (nm)
configure:6769: result: no
configure:6783: checking for arm64-apple-ios-simulator-dumpbin
configure:6819: result: no
configure:6783: checking for arm64-apple-ios-simulator-link
configure:6819: result: no
configure:6833: checking for dumpbin
configure:6869: result: no
configure:6833: checking for link
configure:6854: found /bin/link
configure:6866: result: link -dump
configure:6911: checking the name lister (nm) interface
configure:6919: xcrun -sdk iphonesimulator clang -target arm64-apple-ios-simulator -c -miphoneos-version-min=7.0  conftest.c >&5
configure:6922: nm "conftest.o"
configure:6925: output
0000000000000000 S _some_variable
0000000000000000 t ltmp0
0000000000000000 s ltmp1
configure:6933: result: BSD nm
configure:6936: checking whether ln -s works
configure:6940: result: yes
configure:6948: checking the maximum length of command line arguments
configure:7081: result: 786432
configure:7129: checking how to convert x86_64-apple-darwin file names to aarch64-apple-ios-simulator format
configure:7171: result: func_convert_file_noop
configure:7178: checking how to convert x86_64-apple-darwin file names to toolchain format
configure:7200: result: func_convert_file_noop
configure:7207: checking for xcrun -sdk iphonesimulator ld -target arm64-apple-ios-simulator option to reload object files
configure:7216: result: -r
configure:7249: checking for file
configure:7270: found /usr/bin/file
configure:7283: result: file
configure:7300: checking for arm64-apple-ios-simulator-objdump
configure:7336: result: no
configure:7346: checking for objdump
configure:7367: found /usr/bin/objdump
configure:7379: result: objdump
configure:7411: checking how to recognize dependent libraries
configure:7620: result: unknown
configure:7665: checking for arm64-apple-ios-simulator-dlltool
configure:7701: result: no
configure:7711: checking for dlltool
configure:7747: result: no
configure:7777: checking how to associate runtime and link libraries
configure:7806: result: printf %s\n
configure:7821: checking for arm64-apple-ios-simulator-ranlib
configure:7857: result: no
configure:7867: checking for ranlib
configure:7888: found /usr/bin/ranlib
configure:7900: result: ranlib
configure:7927: checking for arm64-apple-ios-simulator-ar
configure:7963: result: no
configure:7977: checking for ar
configure:7998: found /usr/bin/ar
configure:8010: result: ar
configure:8063: checking for archiver @FILE support
configure:8081: xcrun -sdk iphonesimulator clang -target arm64-apple-ios-simulator -c -miphoneos-version-min=7.0  conftest.c >&5
configure:8081: $? = 0
configure:8085: ar cr libconftest.a @conftest.lst >&5
ar: @conftest.lst: No such file or directory
configure:8088: $? = 1
configure:8109: result: no
configure:8127: checking for arm64-apple-ios-simulator-strip
configure:8160: result: strip
configure:8309: checking command to parse nm output from xcrun -sdk iphonesimulator clang -target arm64-apple-ios-simulator object
configure:8463: xcrun -sdk iphonesimulator clang -target arm64-apple-ios-simulator -c -miphoneos-version-min=7.0  conftest.c >&5
configure:8466: $? = 0
configure:8470: nm conftest.o | /usr/bin/sed -n -e 's/^.*[	 ]\([ABCDGIRSTW][ABCDGIRSTW]*\)[	 ][	 ]*\([_A-Za-z][_A-Za-z0-9]*\)$/\1 \2 \2/p' | /usr/bin/sed '/ __gnu_lto/d' > conftest.nm
cannot find nm_test_var in conftest.nm
configure:8463: xcrun -sdk iphonesimulator clang -target arm64-apple-ios-simulator -c -miphoneos-version-min=7.0  conftest.c >&5
configure:8466: $? = 0
configure:8470: nm conftest.o | /usr/bin/sed -n -e 's/^.*[	 ]\([ABCDGIRSTW][ABCDGIRSTW]*\)[	 ][	 ]*_\([_A-Za-z][_A-Za-z0-9]*\)$/\1 _\2 \2/p' | /usr/bin/sed '/ __gnu_lto/d' > conftest.nm
configure:8536: xcrun -sdk iphonesimulator clang -target arm64-apple-ios-simulator -o conftest -miphoneos-version-min=7.0   conftest.c conftstm.o >&5
configure:8539: $? = 0
configure:8578: result: ok
configure:8625: checking for sysroot
configure:8659: result: no
configure:8666: checking for a working dd
configure:8711: result: /bin/dd
configure:8715: checking how to truncate binary pipes
configure:8732: result: /bin/dd bs=4096 count=1
configure:9026: checking for arm64-apple-ios-simulator-mt
configure:9062: result: no
configure:9072: checking for mt
configure:9108: result: no
configure:9128: checking if : is a manifest tool
configure:9135: : '-?'
configure:9144: result: no
configure:9941: checking for stdio.h
configure:9941: xcrun -sdk iphonesimulator clang -target arm64-apple-ios-simulator -c -miphoneos-version-min=7.0  conftest.c >&5
configure:9941: $? = 0
configure:9941: result: yes
configure:9941: checking for stdlib.h
configure:9941: xcrun -sdk iphonesimulator clang -target arm64-apple-ios-simulator -c -miphoneos-version-min=7.0  conftest.c >&5
configure:9941: $? = 0
configure:9941: result: yes
configure:9941: checking for string.h
configure:9941: xcrun -sdk iphonesimulator clang -target arm64-apple-ios-simulator -c -miphoneos-version-min=7.0  conftest.c >&5
configure:9941: $? = 0
configure:9941: result: yes
configure:9941: checking for inttypes.h
configure:9941: xcrun -sdk iphonesimulator clang -target arm64-apple-ios-simulator -c -miphoneos-version-min=7.0  conftest.c >&5
configure:9941: $? = 0
configure:9941: result: yes
configure:9941: checking for stdint.h
configure:9941: xcrun -sdk iphonesimulator clang -target arm64-apple-ios-simulator -c -miphoneos-version-min=7.0  conftest.c >&5
configure:9941: $? = 0
configure:9941: result: yes
configure:9941: checking for strings.h
configure:9941: xcrun -sdk iphonesimulator clang -target arm64-apple-ios-simulator -c -miphoneos-version-min=7.0  conftest.c >&5
configure:9941: $? = 0
configure:9941: result: yes
configure:9941: checking for sys/stat.h
configure:9941: xcrun -sdk iphonesimulator clang -target arm64-apple-ios-simulator -c -miphoneos-version-min=7.0  conftest.c >&5
configure:9941: $? = 0
configure:9941: result: yes
configure:9941: checking for sys/types.h
configure:9941: xcrun -sdk iphonesimulator clang -target arm64-apple-ios-simulator -c -miphoneos-version-min=7.0  conftest.c >&5
configure:9941: $? = 0
configure:9941: result: yes
configure:9941: checking for unistd.h
configure:9941: xcrun -sdk iphonesimulator clang -target arm64-apple-ios-simulator -c -miphoneos-version-min=7.0  conftest.c >&5
configure:9941: $? = 0
configure:9941: result: yes
configure:9966: checking for dlfcn.h
configure:9966: xcrun -sdk iphonesimulator clang -target arm64-apple-ios-simulator -c -miphoneos-version-min=7.0  conftest.c >&5
configure:9966: $? = 0
configure:9966: result: yes
configure:10280: checking for objdir
configure:10297: result: .libs
configure:10563: checking if xcrun -sdk iphonesimulator clang -target arm64-apple-ios-simulator supports -fno-rtti -fno-exceptions
configure:10582: xcrun -sdk iphonesimulator clang -target arm64-apple-ios-simulator -c -miphoneos-version-min=7.0  -fno-rtti -fno-exceptions conftest.c >&5
configure:10586: $? = 0
configure:10600: result: yes
configure:10973: checking for xcrun -sdk iphonesimulator clang -target arm64-apple-ios-simulator option to produce PIC
configure:10982: result: -fPIC -DPIC
configure:10990: checking if xcrun -sdk iphonesimulator clang -target arm64-apple-ios-simulator PIC flag -fPIC -DPIC works
configure:11009: xcrun -sdk iphonesimulator clang -target arm64-apple-ios-simulator -c -miphoneos-version-min=7.0  -fPIC -DPIC -DPIC conftest.c >&5
configure:11013: $? = 0
configure:11027: result: yes
configure:11056: checking if xcrun -sdk iphonesimulator clang -target arm64-apple-ios-simulator static flag -static works
configure:11086: result: no
configure:11101: checking if xcrun -sdk iphonesimulator clang -target arm64-apple-ios-simulator supports -c -o file.o
configure:11123: xcrun -sdk iphonesimulator clang -target arm64-apple-ios-simulator -c -miphoneos-version-min=7.0  -o out/conftest2.o conftest.c >&5
configure:11127: $? = 0
configure:11150: result: yes
configure:11158: checking if xcrun -sdk iphonesimulator clang -target arm64-apple-ios-simulator supports -c -o file.o
configure:11207: result: yes
configure:11240: checking whether the xcrun -sdk iphonesimulator clang -target arm64-apple-ios-simulator linker (xcrun -sdk iphonesimulator ld -target arm64-apple-ios-simulator) supports shared libraries
configure:12524: result: no
configure:12766: checking dynamic linker characteristics
configure:14153: result: no
configure:14275: checking how to hardcode library paths into programs
configure:14300: result: unsupported
configure:14900: checking whether stripping libraries is possible
configure:14932: result: no
configure:14951: checking if libtool supports shared libraries
configure:14953: result: no
configure:14956: checking whether to build shared libraries
configure:14981: result: no
configure:14984: checking whether to build static libraries
configure:14988: result: yes
configure:15011: checking how to run the C++ preprocessor
configure:15033: g++ -E  conftest.cpp
configure:15033: $? = 0
configure:15049: g++ -E  conftest.cpp
conftest.cpp:23:10: fatal error: 'ac_nonexistent.h' file not found
   23 | #include <ac_nonexistent.h>
      |          ^~~~~~~~~~~~~~~~~~
1 error generated.
configure:15049: $? = 1
configure: failed program was:
| /* confdefs.h */
| #define PACKAGE_NAME "libffi"
| #define PACKAGE_TARNAME "libffi"
| #define PACKAGE_VERSION "3.5.2"
| #define PACKAGE_STRING "libffi 3.5.2"
| #define PACKAGE_BUGREPORT "http://github.com/libffi/libffi/issues"
| #define PACKAGE_URL ""
| #define PACKAGE "libffi"
| #define VERSION "3.5.2"
| #define HAVE_STDIO_H 1
| #define HAVE_STDLIB_H 1
| #define HAVE_STRING_H 1
| #define HAVE_INTTYPES_H 1
| #define HAVE_STDINT_H 1
| #define HAVE_STRINGS_H 1
| #define HAVE_SYS_STAT_H 1
| #define HAVE_SYS_TYPES_H 1
| #define HAVE_UNISTD_H 1
| #define STDC_HEADERS 1
| #define HAVE_DLFCN_H 1
| #define LT_OBJDIR ".libs/"
| /* end confdefs.h.  */
| #include <ac_nonexistent.h>
configure:15078: result: g++ -E
configure:15092: g++ -E  conftest.cpp
configure:15092: $? = 0
configure:15108: g++ -E  conftest.cpp
conftest.cpp:23:10: fatal error: 'ac_nonexistent.h' file not found
   23 | #include <ac_nonexistent.h>
      |          ^~~~~~~~~~~~~~~~~~
1 error generated.
configure:15108: $? = 1
configure: failed program was:
| /* confdefs.h */
| #define PACKAGE_NAME "libffi"
| #define PACKAGE_TARNAME "libffi"
| #define PACKAGE_VERSION "3.5.2"
| #define PACKAGE_STRING "libffi 3.5.2"
| #define PACKAGE_BUGREPORT "http://github.com/libffi/libffi/issues"
| #define PACKAGE_URL ""
| #define PACKAGE "libffi"
| #define VERSION "3.5.2"
| #define HAVE_STDIO_H 1
| #define HAVE_STDLIB_H 1
| #define HAVE_STRING_H 1
| #define HAVE_INTTYPES_H 1
| #define HAVE_STDINT_H 1
| #define HAVE_STRINGS_H 1
| #define HAVE_SYS_STAT_H 1
| #define HAVE_SYS_TYPES_H 1
| #define HAVE_UNISTD_H 1
| #define STDC_HEADERS 1
| #define HAVE_DLFCN_H 1
| #define LT_OBJDIR ".libs/"
| /* end confdefs.h.  */
| #include <ac_nonexistent.h>
configure:15276: checking for ld used by g++
configure:15345: result: xcrun -sdk iphonesimulator ld -target arm64-apple-ios-simulator
configure:15352: checking if the linker (xcrun -sdk iphonesimulator ld -target arm64-apple-ios-simulator) is GNU ld
configure:15369: result: no
configure:15423: checking whether the g++ linker (xcrun -sdk iphonesimulator ld -target arm64-apple-ios-simulator) supports shared libraries
configure:16511: result: no
configure:16547: g++ -c -g -O2  conftest.cpp >&5
configure:16550: $? = 0
configure:17036: checking for g++ option to produce PIC
configure:17045: result: -fPIC -DPIC
configure:17053: checking if g++ PIC flag -fPIC -DPIC works
configure:17072: g++ -c -g -O2  -fPIC -DPIC -DPIC conftest.cpp >&5
configure:17076: $? = 0
configure:17090: result: yes
configure:17113: checking if g++ static flag -static works
configure:17143: result: no
configure:17155: checking if g++ supports -c -o file.o
configure:17177: g++ -c -g -O2  -o out/conftest2.o conftest.cpp >&5
configure:17181: $? = 0
configure:17204: result: yes
configure:17209: checking if g++ supports -c -o file.o
configure:17258: result: yes
configure:17288: checking whether the g++ linker (xcrun -sdk iphonesimulator ld -target arm64-apple-ios-simulator) supports shared libraries
configure:17328: result: no
configure:17471: checking dynamic linker characteristics
configure:18768: result: no
configure:18833: checking how to hardcode library paths into programs
configure:18858: result: unsupported
configure:18926: checking for arm64-apple-ios-simulator-readelf
configure:18962: result: no
configure:18926: checking for arm64-apple-ios-simulator-greadelf
configure:18962: result: no
configure:18976: checking for readelf
configure:19012: result: no
configure:18976: checking for greadelf
configure:19012: result: no
configure:19039: checking size of size_t
configure:19045: xcrun -sdk iphonesimulator clang -target arm64-apple-ios-simulator -c -miphoneos-version-min=7.0  conftest.c >&5
configure:19045: $? = 0
configure:19045: xcrun -sdk iphonesimulator clang -target arm64-apple-ios-simulator -c -miphoneos-version-min=7.0  conftest.c >&5
conftest.c:54:24: error: 'test_array' declared as an array with a negative size
   54 | static int test_array [1 - 2 * !(((long int) (sizeof (size_t))) <= 0)];
      |                        ^~~~~~~~~~~~~~~~~~~~~~~~~~~~~~~~~~~~~~~~~~~~~~
1 error generated.
configure:19045: $? = 1
configure: failed program was:
| /* confdefs.h */
| #define PACKAGE_NAME "libffi"
| #define PACKAGE_TARNAME "libffi"
| #define PACKAGE_VERSION "3.5.2"
| #define PACKAGE_STRING "libffi 3.5.2"
| #define PACKAGE_BUGREPORT "http://github.com/libffi/libffi/issues"
| #define PACKAGE_URL ""
| #define PACKAGE "libffi"
| #define VERSION "3.5.2"
| #define HAVE_STDIO_H 1
| #define HAVE_STDLIB_H 1
| #define HAVE_STRING_H 1
| #define HAVE_INTTYPES_H 1
| #define HAVE_STDINT_H 1
| #define HAVE_STRINGS_H 1
| #define HAVE_SYS_STAT_H 1
| #define HAVE_SYS_TYPES_H 1
| #define HAVE_UNISTD_H 1
| #define STDC_HEADERS 1
| #define HAVE_DLFCN_H 1
| #define LT_OBJDIR ".libs/"
| /* end confdefs.h.  */
| #include <stddef.h>
| #ifdef HAVE_STDIO_H
| # include <stdio.h>
| #endif
| #ifdef HAVE_STDLIB_H
| # include <stdlib.h>
| #endif
| #ifdef HAVE_STRING_H
| # include <string.h>
| #endif
| #ifdef HAVE_INTTYPES_H
| # include <inttypes.h>
| #endif
| #ifdef HAVE_STDINT_H
| # include <stdint.h>
| #endif
| #ifdef HAVE_STRINGS_H
| # include <strings.h>
| #endif
| #ifdef HAVE_SYS_TYPES_H
| # include <sys/types.h>
| #endif
| #ifdef HAVE_SYS_STAT_H
| # include <sys/stat.h>
| #endif
| #ifdef HAVE_UNISTD_H
| # include <unistd.h>
| #endif
| int
| main (void)
| {
| static int test_array [1 - 2 * !(((long int) (sizeof (size_t))) <= 0)];
| test_array [0] = 0;
| return test_array [0];
| 
|   ;
|   return 0;
| }
configure:19045: xcrun -sdk iphonesimulator clang -target arm64-apple-ios-simulator -c -miphoneos-version-min=7.0  conftest.c >&5
conftest.c:54:24: error: 'test_array' declared as an array with a negative size
   54 | static int test_array [1 - 2 * !(((long int) (sizeof (size_t))) <= 1)];
      |                        ^~~~~~~~~~~~~~~~~~~~~~~~~~~~~~~~~~~~~~~~~~~~~~
1 error generated.
configure:19045: $? = 1
configure: failed program was:
| /* confdefs.h */
| #define PACKAGE_NAME "libffi"
| #define PACKAGE_TARNAME "libffi"
| #define PACKAGE_VERSION "3.5.2"
| #define PACKAGE_STRING "libffi 3.5.2"
| #define PACKAGE_BUGREPORT "http://github.com/libffi/libffi/issues"
| #define PACKAGE_URL ""
| #define PACKAGE "libffi"
| #define VERSION "3.5.2"
| #define HAVE_STDIO_H 1
| #define HAVE_STDLIB_H 1
| #define HAVE_STRING_H 1
| #define HAVE_INTTYPES_H 1
| #define HAVE_STDINT_H 1
| #define HAVE_STRINGS_H 1
| #define HAVE_SYS_STAT_H 1
| #define HAVE_SYS_TYPES_H 1
| #define HAVE_UNISTD_H 1
| #define STDC_HEADERS 1
| #define HAVE_DLFCN_H 1
| #define LT_OBJDIR ".libs/"
| /* end confdefs.h.  */
| #include <stddef.h>
| #ifdef HAVE_STDIO_H
| # include <stdio.h>
| #endif
| #ifdef HAVE_STDLIB_H
| # include <stdlib.h>
| #endif
| #ifdef HAVE_STRING_H
| # include <string.h>
| #endif
| #ifdef HAVE_INTTYPES_H
| # include <inttypes.h>
| #endif
| #ifdef HAVE_STDINT_H
| # include <stdint.h>
| #endif
| #ifdef HAVE_STRINGS_H
| # include <strings.h>
| #endif
| #ifdef HAVE_SYS_TYPES_H
| # include <sys/types.h>
| #endif
| #ifdef HAVE_SYS_STAT_H
| # include <sys/stat.h>
| #endif
| #ifdef HAVE_UNISTD_H
| # include <unistd.h>
| #endif
| int
| main (void)
| {
| static int test_array [1 - 2 * !(((long int) (sizeof (size_t))) <= 1)];
| test_array [0] = 0;
| return test_array [0];
| 
|   ;
|   return 0;
| }
configure:19045: xcrun -sdk iphonesimulator clang -target arm64-apple-ios-simulator -c -miphoneos-version-min=7.0  conftest.c >&5
conftest.c:54:24: error: 'test_array' declared as an array with a negative size
   54 | static int test_array [1 - 2 * !(((long int) (sizeof (size_t))) <= 3)];
      |                        ^~~~~~~~~~~~~~~~~~~~~~~~~~~~~~~~~~~~~~~~~~~~~~
1 error generated.
configure:19045: $? = 1
configure: failed program was:
| /* confdefs.h */
| #define PACKAGE_NAME "libffi"
| #define PACKAGE_TARNAME "libffi"
| #define PACKAGE_VERSION "3.5.2"
| #define PACKAGE_STRING "libffi 3.5.2"
| #define PACKAGE_BUGREPORT "http://github.com/libffi/libffi/issues"
| #define PACKAGE_URL ""
| #define PACKAGE "libffi"
| #define VERSION "3.5.2"
| #define HAVE_STDIO_H 1
| #define HAVE_STDLIB_H 1
| #define HAVE_STRING_H 1
| #define HAVE_INTTYPES_H 1
| #define HAVE_STDINT_H 1
| #define HAVE_STRINGS_H 1
| #define HAVE_SYS_STAT_H 1
| #define HAVE_SYS_TYPES_H 1
| #define HAVE_UNISTD_H 1
| #define STDC_HEADERS 1
| #define HAVE_DLFCN_H 1
| #define LT_OBJDIR ".libs/"
| /* end confdefs.h.  */
| #include <stddef.h>
| #ifdef HAVE_STDIO_H
| # include <stdio.h>
| #endif
| #ifdef HAVE_STDLIB_H
| # include <stdlib.h>
| #endif
| #ifdef HAVE_STRING_H
| # include <string.h>
| #endif
| #ifdef HAVE_INTTYPES_H
| # include <inttypes.h>
| #endif
| #ifdef HAVE_STDINT_H
| # include <stdint.h>
| #endif
| #ifdef HAVE_STRINGS_H
| # include <strings.h>
| #endif
| #ifdef HAVE_SYS_TYPES_H
| # include <sys/types.h>
| #endif
| #ifdef HAVE_SYS_STAT_H
| # include <sys/stat.h>
| #endif
| #ifdef HAVE_UNISTD_H
| # include <unistd.h>
| #endif
| int
| main (void)
| {
| static int test_array [1 - 2 * !(((long int) (sizeof (size_t))) <= 3)];
| test_array [0] = 0;
| return test_array [0];
| 
|   ;
|   return 0;
| }
configure:19045: xcrun -sdk iphonesimulator clang -target arm64-apple-ios-simulator -c -miphoneos-version-min=7.0  conftest.c >&5
conftest.c:54:24: error: 'test_array' declared as an array with a negative size
   54 | static int test_array [1 - 2 * !(((long int) (sizeof (size_t))) <= 7)];
      |                        ^~~~~~~~~~~~~~~~~~~~~~~~~~~~~~~~~~~~~~~~~~~~~~
1 error generated.
configure:19045: $? = 1
configure: failed program was:
| /* confdefs.h */
| #define PACKAGE_NAME "libffi"
| #define PACKAGE_TARNAME "libffi"
| #define PACKAGE_VERSION "3.5.2"
| #define PACKAGE_STRING "libffi 3.5.2"
| #define PACKAGE_BUGREPORT "http://github.com/libffi/libffi/issues"
| #define PACKAGE_URL ""
| #define PACKAGE "libffi"
| #define VERSION "3.5.2"
| #define HAVE_STDIO_H 1
| #define HAVE_STDLIB_H 1
| #define HAVE_STRING_H 1
| #define HAVE_INTTYPES_H 1
| #define HAVE_STDINT_H 1
| #define HAVE_STRINGS_H 1
| #define HAVE_SYS_STAT_H 1
| #define HAVE_SYS_TYPES_H 1
| #define HAVE_UNISTD_H 1
| #define STDC_HEADERS 1
| #define HAVE_DLFCN_H 1
| #define LT_OBJDIR ".libs/"
| /* end confdefs.h.  */
| #include <stddef.h>
| #ifdef HAVE_STDIO_H
| # include <stdio.h>
| #endif
| #ifdef HAVE_STDLIB_H
| # include <stdlib.h>
| #endif
| #ifdef HAVE_STRING_H
| # include <string.h>
| #endif
| #ifdef HAVE_INTTYPES_H
| # include <inttypes.h>
| #endif
| #ifdef HAVE_STDINT_H
| # include <stdint.h>
| #endif
| #ifdef HAVE_STRINGS_H
| # include <strings.h>
| #endif
| #ifdef HAVE_SYS_TYPES_H
| # include <sys/types.h>
| #endif
| #ifdef HAVE_SYS_STAT_H
| # include <sys/stat.h>
| #endif
| #ifdef HAVE_UNISTD_H
| # include <unistd.h>
| #endif
| int
| main (void)
| {
| static int test_array [1 - 2 * !(((long int) (sizeof (size_t))) <= 7)];
| test_array [0] = 0;
| return test_array [0];
| 
|   ;
|   return 0;
| }
configure:19045: xcrun -sdk iphonesimulator clang -target arm64-apple-ios-simulator -c -miphoneos-version-min=7.0  conftest.c >&5
configure:19045: $? = 0
configure:19045: xcrun -sdk iphonesimulator clang -target arm64-apple-ios-simulator -c -miphoneos-version-min=7.0  conftest.c >&5
configure:19045: $? = 0
configure:19045: xcrun -sdk iphonesimulator clang -target arm64-apple-ios-simulator -c -miphoneos-version-min=7.0  conftest.c >&5
configure:19045: $? = 0
configure:19045: xcrun -sdk iphonesimulator clang -target arm64-apple-ios-simulator -c -miphoneos-version-min=7.0  conftest.c >&5
configure:19045: $? = 0
configure:19062: result: 8
configure:19071: checking for C compiler vendor
configure:19130: xcrun -sdk iphonesimulator clang -target arm64-apple-ios-simulator -c -miphoneos-version-min=7.0  conftest.c >&5
conftest.c:30:7: error: use of undeclared identifier 'thisisanerror'
   30 |       thisisanerror;
      |       ^
1 error generated.
configure:19130: $? = 1
configure: failed program was:
| /* confdefs.h */
| #define PACKAGE_NAME "libffi"
| #define PACKAGE_TARNAME "libffi"
| #define PACKAGE_VERSION "3.5.2"
| #define PACKAGE_STRING "libffi 3.5.2"
| #define PACKAGE_BUGREPORT "http://github.com/libffi/libffi/issues"
| #define PACKAGE_URL ""
| #define PACKAGE "libffi"
| #define VERSION "3.5.2"
| #define HAVE_STDIO_H 1
| #define HAVE_STDLIB_H 1
| #define HAVE_STRING_H 1
| #define HAVE_INTTYPES_H 1
| #define HAVE_STDINT_H 1
| #define HAVE_STRINGS_H 1
| #define HAVE_SYS_STAT_H 1
| #define HAVE_SYS_TYPES_H 1
| #define HAVE_UNISTD_H 1
| #define STDC_HEADERS 1
| #define HAVE_DLFCN_H 1
| #define LT_OBJDIR ".libs/"
| #define SIZEOF_SIZE_T 8
| /* end confdefs.h.  */
| 
| int
| main (void)
| {
| 
| #if !(defined(__ICC) || defined(__ECC) || defined(__INTEL_COMPILER))
|       thisisanerror;
| #endif
| 
|   ;
|   return 0;
| }
configure:19130: xcrun -sdk iphonesimulator clang -target arm64-apple-ios-simulator -c -miphoneos-version-min=7.0  conftest.c >&5
conftest.c:30:7: error: use of undeclared identifier 'thisisanerror'
   30 |       thisisanerror;
      |       ^
1 error generated.
configure:19130: $? = 1
configure: failed program was:
| /* confdefs.h */
| #define PACKAGE_NAME "libffi"
| #define PACKAGE_TARNAME "libffi"
| #define PACKAGE_VERSION "3.5.2"
| #define PACKAGE_STRING "libffi 3.5.2"
| #define PACKAGE_BUGREPORT "http://github.com/libffi/libffi/issues"
| #define PACKAGE_URL ""
| #define PACKAGE "libffi"
| #define VERSION "3.5.2"
| #define HAVE_STDIO_H 1
| #define HAVE_STDLIB_H 1
| #define HAVE_STRING_H 1
| #define HAVE_INTTYPES_H 1
| #define HAVE_STDINT_H 1
| #define HAVE_STRINGS_H 1
| #define HAVE_SYS_STAT_H 1
| #define HAVE_SYS_TYPES_H 1
| #define HAVE_UNISTD_H 1
| #define STDC_HEADERS 1
| #define HAVE_DLFCN_H 1
| #define LT_OBJDIR ".libs/"
| #define SIZEOF_SIZE_T 8
| /* end confdefs.h.  */
| 
| int
| main (void)
| {
| 
| #if !(defined(__xlc__) || defined(__xlC__) || defined(__IBMC__) || defined(__IBMCPP__) || defined(__ibmxl__))
|       thisisanerror;
| #endif
| 
|   ;
|   return 0;
| }
configure:19130: xcrun -sdk iphonesimulator clang -target arm64-apple-ios-simulator -c -miphoneos-version-min=7.0  conftest.c >&5
conftest.c:30:7: error: use of undeclared identifier 'thisisanerror'
   30 |       thisisanerror;
      |       ^
1 error generated.
configure:19130: $? = 1
configure: failed program was:
| /* confdefs.h */
| #define PACKAGE_NAME "libffi"
| #define PACKAGE_TARNAME "libffi"
| #define PACKAGE_VERSION "3.5.2"
| #define PACKAGE_STRING "libffi 3.5.2"
| #define PACKAGE_BUGREPORT "http://github.com/libffi/libffi/issues"
| #define PACKAGE_URL ""
| #define PACKAGE "libffi"
| #define VERSION "3.5.2"
| #define HAVE_STDIO_H 1
| #define HAVE_STDLIB_H 1
| #define HAVE_STRING_H 1
| #define HAVE_INTTYPES_H 1
| #define HAVE_STDINT_H 1
| #define HAVE_STRINGS_H 1
| #define HAVE_SYS_STAT_H 1
| #define HAVE_SYS_TYPES_H 1
| #define HAVE_UNISTD_H 1
| #define STDC_HEADERS 1
| #define HAVE_DLFCN_H 1
| #define LT_OBJDIR ".libs/"
| #define SIZEOF_SIZE_T 8
| /* end confdefs.h.  */
| 
| int
| main (void)
| {
| 
| #if !(defined(__PATHCC__) || defined(__PATHSCALE__))
|       thisisanerror;
| #endif
| 
|   ;
|   return 0;
| }
configure:19130: xcrun -sdk iphonesimulator clang -target arm64-apple-ios-simulator -c -miphoneos-version-min=7.0  conftest.c >&5
configure:19130: $? = 0
configure:19141: result: clang
configure:20084: checking CFLAGS for most reasonable warnings
configure:20171: : CFLAGS="$CFLAGS"
configure:20174: $? = 0
configure:20200: result: -Wall
configure:20223: checking whether to enable maintainer-specific portions of Makefiles
configure:20234: result: no
configure:20248: checking for sys/memfd.h
configure:20248: xcrun -sdk iphonesimulator clang -target arm64-apple-ios-simulator -c -Wall -miphoneos-version-min=7.0 -fexceptions  conftest.c >&5
conftest.c:52:10: fatal error: 'sys/memfd.h' file not found
   52 | #include <sys/memfd.h>
      |          ^~~~~~~~~~~~~
1 error generated.
configure:20248: $? = 1
configure: failed program was:
| /* confdefs.h */
| #define PACKAGE_NAME "libffi"
| #define PACKAGE_TARNAME "libffi"
| #define PACKAGE_VERSION "3.5.2"
| #define PACKAGE_STRING "libffi 3.5.2"
| #define PACKAGE_BUGREPORT "http://github.com/libffi/libffi/issues"
| #define PACKAGE_URL ""
| #define PACKAGE "libffi"
| #define VERSION "3.5.2"
| #define HAVE_STDIO_H 1
| #define HAVE_STDLIB_H 1
| #define HAVE_STRING_H 1
| #define HAVE_INTTYPES_H 1
| #define HAVE_STDINT_H 1
| #define HAVE_STRINGS_H 1
| #define HAVE_SYS_STAT_H 1
| #define HAVE_SYS_TYPES_H 1
| #define HAVE_UNISTD_H 1
| #define STDC_HEADERS 1
| #define HAVE_DLFCN_H 1
| #define LT_OBJDIR ".libs/"
| #define SIZEOF_SIZE_T 8
| /* end confdefs.h.  */
| #include <stddef.h>
| #ifdef HAVE_STDIO_H
| # include <stdio.h>
| #endif
| #ifdef HAVE_STDLIB_H
| # include <stdlib.h>
| #endif
| #ifdef HAVE_STRING_H
| # include <string.h>
| #endif
| #ifdef HAVE_INTTYPES_H
| # include <inttypes.h>
| #endif
| #ifdef HAVE_STDINT_H
| # include <stdint.h>
| #endif
| #ifdef HAVE_STRINGS_H
| # include <strings.h>
| #endif
| #ifdef HAVE_SYS_TYPES_H
| # include <sys/types.h>
| #endif
| #ifdef HAVE_SYS_STAT_H
| # include <sys/stat.h>
| #endif
| #ifdef HAVE_UNISTD_H
| # include <unistd.h>
| #endif
| #include <sys/memfd.h>
configure:20248: result: no
configure:20255: checking for memfd_create
configure:20255: xcrun -sdk iphonesimulator clang -target arm64-apple-ios-simulator -o conftest -Wall -miphoneos-version-min=7.0 -fexceptions   conftest.c  >&5
Undefined symbols for architecture arm64:
  "_memfd_create", referenced from:
      _main in conftest-5e1a99.o
ld: symbol(s) not found for architecture arm64
clang: error: linker command failed with exit code 1 (use -v to see invocation)
configure:20255: $? = 1
configure: failed program was:
| /* confdefs.h */
| #define PACKAGE_NAME "libffi"
| #define PACKAGE_TARNAME "libffi"
| #define PACKAGE_VERSION "3.5.2"
| #define PACKAGE_STRING "libffi 3.5.2"
| #define PACKAGE_BUGREPORT "http://github.com/libffi/libffi/issues"
| #define PACKAGE_URL ""
| #define PACKAGE "libffi"
| #define VERSION "3.5.2"
| #define HAVE_STDIO_H 1
| #define HAVE_STDLIB_H 1
| #define HAVE_STRING_H 1
| #define HAVE_INTTYPES_H 1
| #define HAVE_STDINT_H 1
| #define HAVE_STRINGS_H 1
| #define HAVE_SYS_STAT_H 1
| #define HAVE_SYS_TYPES_H 1
| #define HAVE_UNISTD_H 1
| #define STDC_HEADERS 1
| #define HAVE_DLFCN_H 1
| #define LT_OBJDIR ".libs/"
| #define SIZEOF_SIZE_T 8
| /* end confdefs.h.  */
| /* Define memfd_create to an innocuous variant, in case <limits.h> declares memfd_create.
|    For example, HP-UX 11i <limits.h> declares gettimeofday.  */
| #define memfd_create innocuous_memfd_create
| 
| /* System header to define __stub macros and hopefully few prototypes,
|    which can conflict with char memfd_create (void); below.  */
| 
| #include <limits.h>
| #undef memfd_create
| 
| /* Override any GCC internal prototype to avoid an error.
|    Use char because int might match the return type of a GCC
|    builtin and then its argument prototype would still apply.  */
| #ifdef __cplusplus
| extern "C"
| #endif
| char memfd_create (void);
| /* The GNU C library defines this for functions which it implements
|     to always fail with ENOSYS.  Some functions are actually named
|     something starting with __ and the normal name is an alias.  */
| #if defined __stub_memfd_create || defined __stub___memfd_create
| choke me
| #endif
| 
| int
| main (void)
| {
| return memfd_create ();
|   ;
|   return 0;
| }
configure:20255: result: no
configure:20285: checking for memcpy
configure:20285: xcrun -sdk iphonesimulator clang -target arm64-apple-ios-simulator -o conftest -Wall -miphoneos-version-min=7.0 -fexceptions   conftest.c  >&5
conftest.c:40:6: warning: incompatible redeclaration of library function 'memcpy' [-Wincompatible-library-redeclaration]
   40 | char memcpy (void);
      |      ^
conftest.c:40:6: note: 'memcpy' is a builtin with type 'void *(void *, const void *, unsigned long)'
1 warning generated.
configure:20285: $? = 0
configure:20285: result: yes
configure:20292: checking for alloca.h
configure:20292: xcrun -sdk iphonesimulator clang -target arm64-apple-ios-simulator -c -Wall -miphoneos-version-min=7.0 -fexceptions  conftest.c >&5
configure:20292: $? = 0
configure:20292: result: yes
configure:20304: checking size of double
configure:20310: xcrun -sdk iphonesimulator clang -target arm64-apple-ios-simulator -c -Wall -miphoneos-version-min=7.0 -fexceptions  conftest.c >&5
configure:20310: $? = 0
configure:20310: xcrun -sdk iphonesimulator clang -target arm64-apple-ios-simulator -c -Wall -miphoneos-version-min=7.0 -fexceptions  conftest.c >&5
conftest.c:57:24: error: 'test_array' declared as an array with a negative size
   57 | static int test_array [1 - 2 * !(((long int) (sizeof (double))) <= 0)];
      |                        ^~~~~~~~~~~~~~~~~~~~~~~~~~~~~~~~~~~~~~~~~~~~~~
1 error generated.
configure:20310: $? = 1
configure: failed program was:
| /* confdefs.h */
| #define PACKAGE_NAME "libffi"
| #define PACKAGE_TARNAME "libffi"
| #define PACKAGE_VERSION "3.5.2"
| #define PACKAGE_STRING "libffi 3.5.2"
| #define PACKAGE_BUGREPORT "http://github.com/libffi/libffi/issues"
| #define PACKAGE_URL ""
| #define PACKAGE "libffi"
| #define VERSION "3.5.2"
| #define HAVE_STDIO_H 1
| #define HAVE_STDLIB_H 1
| #define HAVE_STRING_H 1
| #define HAVE_INTTYPES_H 1
| #define HAVE_STDINT_H 1
| #define HAVE_STRINGS_H 1
| #define HAVE_SYS_STAT_H 1
| #define HAVE_SYS_TYPES_H 1
| #define HAVE_UNISTD_H 1
| #define STDC_HEADERS 1
| #define HAVE_DLFCN_H 1
| #define LT_OBJDIR ".libs/"
| #define SIZEOF_SIZE_T 8
| #define HAVE_MEMCPY 1
| #define HAVE_ALLOCA_H 1
| /* end confdefs.h.  */
| #include <stddef.h>
| #ifdef HAVE_STDIO_H
| # include <stdio.h>
| #endif
| #ifdef HAVE_STDLIB_H
| # include <stdlib.h>
| #endif
| #ifdef HAVE_STRING_H
| # include <string.h>
| #endif
| #ifdef HAVE_INTTYPES_H
| # include <inttypes.h>
| #endif
| #ifdef HAVE_STDINT_H
| # include <stdint.h>
| #endif
| #ifdef HAVE_STRINGS_H
| # include <strings.h>
| #endif
| #ifdef HAVE_SYS_TYPES_H
| # include <sys/types.h>
| #endif
| #ifdef HAVE_SYS_STAT_H
| # include <sys/stat.h>
| #endif
| #ifdef HAVE_UNISTD_H
| # include <unistd.h>
| #endif
| int
| main (void)
| {
| static int test_array [1 - 2 * !(((long int) (sizeof (double))) <= 0)];
| test_array [0] = 0;
| return test_array [0];
| 
|   ;
|   return 0;
| }
configure:20310: xcrun -sdk iphonesimulator clang -target arm64-apple-ios-simulator -c -Wall -miphoneos-version-min=7.0 -fexceptions  conftest.c >&5
conftest.c:57:24: error: 'test_array' declared as an array with a negative size
   57 | static int test_array [1 - 2 * !(((long int) (sizeof (double))) <= 1)];
      |                        ^~~~~~~~~~~~~~~~~~~~~~~~~~~~~~~~~~~~~~~~~~~~~~
1 error generated.
configure:20310: $? = 1
configure: failed program was:
| /* confdefs.h */
| #define PACKAGE_NAME "libffi"
| #define PACKAGE_TARNAME "libffi"
| #define PACKAGE_VERSION "3.5.2"
| #define PACKAGE_STRING "libffi 3.5.2"
| #define PACKAGE_BUGREPORT "http://github.com/libffi/libffi/issues"
| #define PACKAGE_URL ""
| #define PACKAGE "libffi"
| #define VERSION "3.5.2"
| #define HAVE_STDIO_H 1
| #define HAVE_STDLIB_H 1
| #define HAVE_STRING_H 1
| #define HAVE_INTTYPES_H 1
| #define HAVE_STDINT_H 1
| #define HAVE_STRINGS_H 1
| #define HAVE_SYS_STAT_H 1
| #define HAVE_SYS_TYPES_H 1
| #define HAVE_UNISTD_H 1
| #define STDC_HEADERS 1
| #define HAVE_DLFCN_H 1
| #define LT_OBJDIR ".libs/"
| #define SIZEOF_SIZE_T 8
| #define HAVE_MEMCPY 1
| #define HAVE_ALLOCA_H 1
| /* end confdefs.h.  */
| #include <stddef.h>
| #ifdef HAVE_STDIO_H
| # include <stdio.h>
| #endif
| #ifdef HAVE_STDLIB_H
| # include <stdlib.h>
| #endif
| #ifdef HAVE_STRING_H
| # include <string.h>
| #endif
| #ifdef HAVE_INTTYPES_H
| # include <inttypes.h>
| #endif
| #ifdef HAVE_STDINT_H
| # include <stdint.h>
| #endif
| #ifdef HAVE_STRINGS_H
| # include <strings.h>
| #endif
| #ifdef HAVE_SYS_TYPES_H
| # include <sys/types.h>
| #endif
| #ifdef HAVE_SYS_STAT_H
| # include <sys/stat.h>
| #endif
| #ifdef HAVE_UNISTD_H
| # include <unistd.h>
| #endif
| int
| main (void)
| {
| static int test_array [1 - 2 * !(((long int) (sizeof (double))) <= 1)];
| test_array [0] = 0;
| return test_array [0];
| 
|   ;
|   return 0;
| }
configure:20310: xcrun -sdk iphonesimulator clang -target arm64-apple-ios-simulator -c -Wall -miphoneos-version-min=7.0 -fexceptions  conftest.c >&5
conftest.c:57:24: error: 'test_array' declared as an array with a negative size
   57 | static int test_array [1 - 2 * !(((long int) (sizeof (double))) <= 3)];
      |                        ^~~~~~~~~~~~~~~~~~~~~~~~~~~~~~~~~~~~~~~~~~~~~~
1 error generated.
configure:20310: $? = 1
configure: failed program was:
| /* confdefs.h */
| #define PACKAGE_NAME "libffi"
| #define PACKAGE_TARNAME "libffi"
| #define PACKAGE_VERSION "3.5.2"
| #define PACKAGE_STRING "libffi 3.5.2"
| #define PACKAGE_BUGREPORT "http://github.com/libffi/libffi/issues"
| #define PACKAGE_URL ""
| #define PACKAGE "libffi"
| #define VERSION "3.5.2"
| #define HAVE_STDIO_H 1
| #define HAVE_STDLIB_H 1
| #define HAVE_STRING_H 1
| #define HAVE_INTTYPES_H 1
| #define HAVE_STDINT_H 1
| #define HAVE_STRINGS_H 1
| #define HAVE_SYS_STAT_H 1
| #define HAVE_SYS_TYPES_H 1
| #define HAVE_UNISTD_H 1
| #define STDC_HEADERS 1
| #define HAVE_DLFCN_H 1
| #define LT_OBJDIR ".libs/"
| #define SIZEOF_SIZE_T 8
| #define HAVE_MEMCPY 1
| #define HAVE_ALLOCA_H 1
| /* end confdefs.h.  */
| #include <stddef.h>
| #ifdef HAVE_STDIO_H
| # include <stdio.h>
| #endif
| #ifdef HAVE_STDLIB_H
| # include <stdlib.h>
| #endif
| #ifdef HAVE_STRING_H
| # include <string.h>
| #endif
| #ifdef HAVE_INTTYPES_H
| # include <inttypes.h>
| #endif
| #ifdef HAVE_STDINT_H
| # include <stdint.h>
| #endif
| #ifdef HAVE_STRINGS_H
| # include <strings.h>
| #endif
| #ifdef HAVE_SYS_TYPES_H
| # include <sys/types.h>
| #endif
| #ifdef HAVE_SYS_STAT_H
| # include <sys/stat.h>
| #endif
| #ifdef HAVE_UNISTD_H
| # include <unistd.h>
| #endif
| int
| main (void)
| {
| static int test_array [1 - 2 * !(((long int) (sizeof (double))) <= 3)];
| test_array [0] = 0;
| return test_array [0];
| 
|   ;
|   return 0;
| }
configure:20310: xcrun -sdk iphonesimulator clang -target arm64-apple-ios-simulator -c -Wall -miphoneos-version-min=7.0 -fexceptions  conftest.c >&5
conftest.c:57:24: error: 'test_array' declared as an array with a negative size
   57 | static int test_array [1 - 2 * !(((long int) (sizeof (double))) <= 7)];
      |                        ^~~~~~~~~~~~~~~~~~~~~~~~~~~~~~~~~~~~~~~~~~~~~~
1 error generated.
configure:20310: $? = 1
configure: failed program was:
| /* confdefs.h */
| #define PACKAGE_NAME "libffi"
| #define PACKAGE_TARNAME "libffi"
| #define PACKAGE_VERSION "3.5.2"
| #define PACKAGE_STRING "libffi 3.5.2"
| #define PACKAGE_BUGREPORT "http://github.com/libffi/libffi/issues"
| #define PACKAGE_URL ""
| #define PACKAGE "libffi"
| #define VERSION "3.5.2"
| #define HAVE_STDIO_H 1
| #define HAVE_STDLIB_H 1
| #define HAVE_STRING_H 1
| #define HAVE_INTTYPES_H 1
| #define HAVE_STDINT_H 1
| #define HAVE_STRINGS_H 1
| #define HAVE_SYS_STAT_H 1
| #define HAVE_SYS_TYPES_H 1
| #define HAVE_UNISTD_H 1
| #define STDC_HEADERS 1
| #define HAVE_DLFCN_H 1
| #define LT_OBJDIR ".libs/"
| #define SIZEOF_SIZE_T 8
| #define HAVE_MEMCPY 1
| #define HAVE_ALLOCA_H 1
| /* end confdefs.h.  */
| #include <stddef.h>
| #ifdef HAVE_STDIO_H
| # include <stdio.h>
| #endif
| #ifdef HAVE_STDLIB_H
| # include <stdlib.h>
| #endif
| #ifdef HAVE_STRING_H
| # include <string.h>
| #endif
| #ifdef HAVE_INTTYPES_H
| # include <inttypes.h>
| #endif
| #ifdef HAVE_STDINT_H
| # include <stdint.h>
| #endif
| #ifdef HAVE_STRINGS_H
| # include <strings.h>
| #endif
| #ifdef HAVE_SYS_TYPES_H
| # include <sys/types.h>
| #endif
| #ifdef HAVE_SYS_STAT_H
| # include <sys/stat.h>
| #endif
| #ifdef HAVE_UNISTD_H
| # include <unistd.h>
| #endif
| int
| main (void)
| {
| static int test_array [1 - 2 * !(((long int) (sizeof (double))) <= 7)];
| test_array [0] = 0;
| return test_array [0];
| 
|   ;
|   return 0;
| }
configure:20310: xcrun -sdk iphonesimulator clang -target arm64-apple-ios-simulator -c -Wall -miphoneos-version-min=7.0 -fexceptions  conftest.c >&5
configure:20310: $? = 0
configure:20310: xcrun -sdk iphonesimulator clang -target arm64-apple-ios-simulator -c -Wall -miphoneos-version-min=7.0 -fexceptions  conftest.c >&5
configure:20310: $? = 0
configure:20310: xcrun -sdk iphonesimulator clang -target arm64-apple-ios-simulator -c -Wall -miphoneos-version-min=7.0 -fexceptions  conftest.c >&5
configure:20310: $? = 0
configure:20310: xcrun -sdk iphonesimulator clang -target arm64-apple-ios-simulator -c -Wall -miphoneos-version-min=7.0 -fexceptions  conftest.c >&5
configure:20310: $? = 0
configure:20327: result: 8
configure:20339: checking size of long double
configure:20345: xcrun -sdk iphonesimulator clang -target arm64-apple-ios-simulator -c -Wall -miphoneos-version-min=7.0 -fexceptions  conftest.c >&5
configure:20345: $? = 0
configure:20345: xcrun -sdk iphonesimulator clang -target arm64-apple-ios-simulator -c -Wall -miphoneos-version-min=7.0 -fexceptions  conftest.c >&5
conftest.c:58:24: error: 'test_array' declared as an array with a negative size
   58 | static int test_array [1 - 2 * !(((long int) (sizeof (long double))) <= 0)];
      |                        ^~~~~~~~~~~~~~~~~~~~~~~~~~~~~~~~~~~~~~~~~~~~~~~~~~~
1 error generated.
configure:20345: $? = 1
configure: failed program was:
| /* confdefs.h */
| #define PACKAGE_NAME "libffi"
| #define PACKAGE_TARNAME "libffi"
| #define PACKAGE_VERSION "3.5.2"
| #define PACKAGE_STRING "libffi 3.5.2"
| #define PACKAGE_BUGREPORT "http://github.com/libffi/libffi/issues"
| #define PACKAGE_URL ""
| #define PACKAGE "libffi"
| #define VERSION "3.5.2"
| #define HAVE_STDIO_H 1
| #define HAVE_STDLIB_H 1
| #define HAVE_STRING_H 1
| #define HAVE_INTTYPES_H 1
| #define HAVE_STDINT_H 1
| #define HAVE_STRINGS_H 1
| #define HAVE_SYS_STAT_H 1
| #define HAVE_SYS_TYPES_H 1
| #define HAVE_UNISTD_H 1
| #define STDC_HEADERS 1
| #define HAVE_DLFCN_H 1
| #define LT_OBJDIR ".libs/"
| #define SIZEOF_SIZE_T 8
| #define HAVE_MEMCPY 1
| #define HAVE_ALLOCA_H 1
| #define SIZEOF_DOUBLE 8
| /* end confdefs.h.  */
| #include <stddef.h>
| #ifdef HAVE_STDIO_H
| # include <stdio.h>
| #endif
| #ifdef HAVE_STDLIB_H
| # include <stdlib.h>
| #endif
| #ifdef HAVE_STRING_H
| # include <string.h>
| #endif
| #ifdef HAVE_INTTYPES_H
| # include <inttypes.h>
| #endif
| #ifdef HAVE_STDINT_H
| # include <stdint.h>
| #endif
| #ifdef HAVE_STRINGS_H
| # include <strings.h>
| #endif
| #ifdef HAVE_SYS_TYPES_H
| # include <sys/types.h>
| #endif
| #ifdef HAVE_SYS_STAT_H
| # include <sys/stat.h>
| #endif
| #ifdef HAVE_UNISTD_H
| # include <unistd.h>
| #endif
| int
| main (void)
| {
| static int test_array [1 - 2 * !(((long int) (sizeof (long double))) <= 0)];
| test_array [0] = 0;
| return test_array [0];
| 
|   ;
|   return 0;
| }
configure:20345: xcrun -sdk iphonesimulator clang -target arm64-apple-ios-simulator -c -Wall -miphoneos-version-min=7.0 -fexceptions  conftest.c >&5
conftest.c:58:24: error: 'test_array' declared as an array with a negative size
   58 | static int test_array [1 - 2 * !(((long int) (sizeof (long double))) <= 1)];
      |                        ^~~~~~~~~~~~~~~~~~~~~~~~~~~~~~~~~~~~~~~~~~~~~~~~~~~
1 error generated.
configure:20345: $? = 1
configure: failed program was:
| /* confdefs.h */
| #define PACKAGE_NAME "libffi"
| #define PACKAGE_TARNAME "libffi"
| #define PACKAGE_VERSION "3.5.2"
| #define PACKAGE_STRING "libffi 3.5.2"
| #define PACKAGE_BUGREPORT "http://github.com/libffi/libffi/issues"
| #define PACKAGE_URL ""
| #define PACKAGE "libffi"
| #define VERSION "3.5.2"
| #define HAVE_STDIO_H 1
| #define HAVE_STDLIB_H 1
| #define HAVE_STRING_H 1
| #define HAVE_INTTYPES_H 1
| #define HAVE_STDINT_H 1
| #define HAVE_STRINGS_H 1
| #define HAVE_SYS_STAT_H 1
| #define HAVE_SYS_TYPES_H 1
| #define HAVE_UNISTD_H 1
| #define STDC_HEADERS 1
| #define HAVE_DLFCN_H 1
| #define LT_OBJDIR ".libs/"
| #define SIZEOF_SIZE_T 8
| #define HAVE_MEMCPY 1
| #define HAVE_ALLOCA_H 1
| #define SIZEOF_DOUBLE 8
| /* end confdefs.h.  */
| #include <stddef.h>
| #ifdef HAVE_STDIO_H
| # include <stdio.h>
| #endif
| #ifdef HAVE_STDLIB_H
| # include <stdlib.h>
| #endif
| #ifdef HAVE_STRING_H
| # include <string.h>
| #endif
| #ifdef HAVE_INTTYPES_H
| # include <inttypes.h>
| #endif
| #ifdef HAVE_STDINT_H
| # include <stdint.h>
| #endif
| #ifdef HAVE_STRINGS_H
| # include <strings.h>
| #endif
| #ifdef HAVE_SYS_TYPES_H
| # include <sys/types.h>
| #endif
| #ifdef HAVE_SYS_STAT_H
| # include <sys/stat.h>
| #endif
| #ifdef HAVE_UNISTD_H
| # include <unistd.h>
| #endif
| int
| main (void)
| {
| static int test_array [1 - 2 * !(((long int) (sizeof (long double))) <= 1)];
| test_array [0] = 0;
| return test_array [0];
| 
|   ;
|   return 0;
| }
configure:20345: xcrun -sdk iphonesimulator clang -target arm64-apple-ios-simulator -c -Wall -miphoneos-version-min=7.0 -fexceptions  conftest.c >&5
conftest.c:58:24: error: 'test_array' declared as an array with a negative size
   58 | static int test_array [1 - 2 * !(((long int) (sizeof (long double))) <= 3)];
      |                        ^~~~~~~~~~~~~~~~~~~~~~~~~~~~~~~~~~~~~~~~~~~~~~~~~~~
1 error generated.
configure:20345: $? = 1
configure: failed program was:
| /* confdefs.h */
| #define PACKAGE_NAME "libffi"
| #define PACKAGE_TARNAME "libffi"
| #define PACKAGE_VERSION "3.5.2"
| #define PACKAGE_STRING "libffi 3.5.2"
| #define PACKAGE_BUGREPORT "http://github.com/libffi/libffi/issues"
| #define PACKAGE_URL ""
| #define PACKAGE "libffi"
| #define VERSION "3.5.2"
| #define HAVE_STDIO_H 1
| #define HAVE_STDLIB_H 1
| #define HAVE_STRING_H 1
| #define HAVE_INTTYPES_H 1
| #define HAVE_STDINT_H 1
| #define HAVE_STRINGS_H 1
| #define HAVE_SYS_STAT_H 1
| #define HAVE_SYS_TYPES_H 1
| #define HAVE_UNISTD_H 1
| #define STDC_HEADERS 1
| #define HAVE_DLFCN_H 1
| #define LT_OBJDIR ".libs/"
| #define SIZEOF_SIZE_T 8
| #define HAVE_MEMCPY 1
| #define HAVE_ALLOCA_H 1
| #define SIZEOF_DOUBLE 8
| /* end confdefs.h.  */
| #include <stddef.h>
| #ifdef HAVE_STDIO_H
| # include <stdio.h>
| #endif
| #ifdef HAVE_STDLIB_H
| # include <stdlib.h>
| #endif
| #ifdef HAVE_STRING_H
| # include <string.h>
| #endif
| #ifdef HAVE_INTTYPES_H
| # include <inttypes.h>
| #endif
| #ifdef HAVE_STDINT_H
| # include <stdint.h>
| #endif
| #ifdef HAVE_STRINGS_H
| # include <strings.h>
| #endif
| #ifdef HAVE_SYS_TYPES_H
| # include <sys/types.h>
| #endif
| #ifdef HAVE_SYS_STAT_H
| # include <sys/stat.h>
| #endif
| #ifdef HAVE_UNISTD_H
| # include <unistd.h>
| #endif
| int
| main (void)
| {
| static int test_array [1 - 2 * !(((long int) (sizeof (long double))) <= 3)];
| test_array [0] = 0;
| return test_array [0];
| 
|   ;
|   return 0;
| }
configure:20345: xcrun -sdk iphonesimulator clang -target arm64-apple-ios-simulator -c -Wall -miphoneos-version-min=7.0 -fexceptions  conftest.c >&5
conftest.c:58:24: error: 'test_array' declared as an array with a negative size
   58 | static int test_array [1 - 2 * !(((long int) (sizeof (long double))) <= 7)];
      |                        ^~~~~~~~~~~~~~~~~~~~~~~~~~~~~~~~~~~~~~~~~~~~~~~~~~~
1 error generated.
configure:20345: $? = 1
configure: failed program was:
| /* confdefs.h */
| #define PACKAGE_NAME "libffi"
| #define PACKAGE_TARNAME "libffi"
| #define PACKAGE_VERSION "3.5.2"
| #define PACKAGE_STRING "libffi 3.5.2"
| #define PACKAGE_BUGREPORT "http://github.com/libffi/libffi/issues"
| #define PACKAGE_URL ""
| #define PACKAGE "libffi"
| #define VERSION "3.5.2"
| #define HAVE_STDIO_H 1
| #define HAVE_STDLIB_H 1
| #define HAVE_STRING_H 1
| #define HAVE_INTTYPES_H 1
| #define HAVE_STDINT_H 1
| #define HAVE_STRINGS_H 1
| #define HAVE_SYS_STAT_H 1
| #define HAVE_SYS_TYPES_H 1
| #define HAVE_UNISTD_H 1
| #define STDC_HEADERS 1
| #define HAVE_DLFCN_H 1
| #define LT_OBJDIR ".libs/"
| #define SIZEOF_SIZE_T 8
| #define HAVE_MEMCPY 1
| #define HAVE_ALLOCA_H 1
| #define SIZEOF_DOUBLE 8
| /* end confdefs.h.  */
| #include <stddef.h>
| #ifdef HAVE_STDIO_H
| # include <stdio.h>
| #endif
| #ifdef HAVE_STDLIB_H
| # include <stdlib.h>
| #endif
| #ifdef HAVE_STRING_H
| # include <string.h>
| #endif
| #ifdef HAVE_INTTYPES_H
| # include <inttypes.h>
| #endif
| #ifdef HAVE_STDINT_H
| # include <stdint.h>
| #endif
| #ifdef HAVE_STRINGS_H
| # include <strings.h>
| #endif
| #ifdef HAVE_SYS_TYPES_H
| # include <sys/types.h>
| #endif
| #ifdef HAVE_SYS_STAT_H
| # include <sys/stat.h>
| #endif
| #ifdef HAVE_UNISTD_H
| # include <unistd.h>
| #endif
| int
| main (void)
| {
| static int test_array [1 - 2 * !(((long int) (sizeof (long double))) <= 7)];
| test_array [0] = 0;
| return test_array [0];
| 
|   ;
|   return 0;
| }
configure:20345: xcrun -sdk iphonesimulator clang -target arm64-apple-ios-simulator -c -Wall -miphoneos-version-min=7.0 -fexceptions  conftest.c >&5
configure:20345: $? = 0
configure:20345: xcrun -sdk iphonesimulator clang -target arm64-apple-ios-simulator -c -Wall -miphoneos-version-min=7.0 -fexceptions  conftest.c >&5
configure:20345: $? = 0
configure:20345: xcrun -sdk iphonesimulator clang -target arm64-apple-ios-simulator -c -Wall -miphoneos-version-min=7.0 -fexceptions  conftest.c >&5
configure:20345: $? = 0
configure:20345: xcrun -sdk iphonesimulator clang -target arm64-apple-ios-simulator -c -Wall -miphoneos-version-min=7.0 -fexceptions  conftest.c >&5
configure:20345: $? = 0
configure:20362: result: 8
configure:20393: checking whether byte ordering is bigendian
configure:20409: xcrun -sdk iphonesimulator clang -target arm64-apple-ios-simulator -c -Wall -miphoneos-version-min=7.0 -fexceptions  conftest.c >&5
configure:20409: $? = 0
configure:20455: xcrun -sdk iphonesimulator clang -target arm64-apple-ios-simulator -c -Wall -miphoneos-version-min=7.0 -fexceptions  conftest.c >&5
configure:20455: $? = 0
configure:20474: xcrun -sdk iphonesimulator clang -target arm64-apple-ios-simulator -c -Wall -miphoneos-version-min=7.0 -fexceptions  conftest.c >&5
conftest.c:35:4: error: use of undeclared identifier 'not'
   35 |                  not big endian
      |                  ^
1 error generated.
configure:20474: $? = 1
configure: failed program was:
| /* confdefs.h */
| #define PACKAGE_NAME "libffi"
| #define PACKAGE_TARNAME "libffi"
| #define PACKAGE_VERSION "3.5.2"
| #define PACKAGE_STRING "libffi 3.5.2"
| #define PACKAGE_BUGREPORT "http://github.com/libffi/libffi/issues"
| #define PACKAGE_URL ""
| #define PACKAGE "libffi"
| #define VERSION "3.5.2"
| #define HAVE_STDIO_H 1
| #define HAVE_STDLIB_H 1
| #define HAVE_STRING_H 1
| #define HAVE_INTTYPES_H 1
| #define HAVE_STDINT_H 1
| #define HAVE_STRINGS_H 1
| #define HAVE_SYS_STAT_H 1
| #define HAVE_SYS_TYPES_H 1
| #define HAVE_UNISTD_H 1
| #define STDC_HEADERS 1
| #define HAVE_DLFCN_H 1
| #define LT_OBJDIR ".libs/"
| #define SIZEOF_SIZE_T 8
| #define HAVE_MEMCPY 1
| #define HAVE_ALLOCA_H 1
| #define SIZEOF_DOUBLE 8
| #define SIZEOF_LONG_DOUBLE 8
| /* end confdefs.h.  */
| #include <sys/types.h>
| 		#include <sys/param.h>
| 
| int
| main (void)
| {
| #if BYTE_ORDER != BIG_ENDIAN
| 		 not big endian
| 		#endif
| 
|   ;
|   return 0;
| }
configure:20615: result: no
configure:20635: checking assembler .cfi pseudo-op support
configure:20661: xcrun -sdk iphonesimulator clang -target arm64-apple-ios-simulator -c -Wall -miphoneos-version-min=7.0 -fexceptions  conftest.c >&5
configure:20661: $? = 0
configure:20678: result: yes
configure:20834: checking whether compiler supports pointer authentication
configure:20863: xcrun -sdk iphonesimulator clang -target arm64-apple-ios-simulator -c -Wall -miphoneos-version-min=7.0 -fexceptions  conftest.c >&5
conftest.c:41:3: error: Pointer authentication not supported
   41 | # error Pointer authentication not supported
      |   ^
1 error generated.
configure:20863: $? = 1
configure: failed program was:
| /* confdefs.h */
| #define PACKAGE_NAME "libffi"
| #define PACKAGE_TARNAME "libffi"
| #define PACKAGE_VERSION "3.5.2"
| #define PACKAGE_STRING "libffi 3.5.2"
| #define PACKAGE_BUGREPORT "http://github.com/libffi/libffi/issues"
| #define PACKAGE_URL ""
| #define PACKAGE "libffi"
| #define VERSION "3.5.2"
| #define HAVE_STDIO_H 1
| #define HAVE_STDLIB_H 1
| #define HAVE_STRING_H 1
| #define HAVE_INTTYPES_H 1
| #define HAVE_STDINT_H 1
| #define HAVE_STRINGS_H 1
| #define HAVE_SYS_STAT_H 1
| #define HAVE_SYS_TYPES_H 1
| #define HAVE_UNISTD_H 1
| #define STDC_HEADERS 1
| #define HAVE_DLFCN_H 1
| #define LT_OBJDIR ".libs/"
| #define SIZEOF_SIZE_T 8
| #define HAVE_MEMCPY 1
| #define HAVE_ALLOCA_H 1
| #define SIZEOF_DOUBLE 8
| #define SIZEOF_LONG_DOUBLE 8
| #define HAVE_AS_CFI_PSEUDO_OP 1
| /* end confdefs.h.  */
| 
| int
| main (void)
| {
| 
| #ifdef __clang__
| # if __has_feature(ptrauth_calls)
| #  define HAVE_ARM64E_PTRAUTH 1
| # endif
| #endif
| 
| #ifndef HAVE_ARM64E_PTRAUTH
| # error Pointer authentication not supported
| #endif
| 
|   ;
|   return 0;
| }
configure:20874: result: no
configure:20900: checking for _ prefix in compiled symbols
configure:20911: xcrun -sdk iphonesimulator clang -target arm64-apple-ios-simulator -c -Wall -miphoneos-version-min=7.0 -fexceptions  conftest.c >&5
conftest.c:2:16: warning: expression result unused [-Wunused-value]
    2 | int main(void){nm_test_func;return 0;}
      |                ^~~~~~~~~~~~
1 warning generated.
configure:20914: $? = 0
configure:20918: nm conftest.o \| /usr/bin/sed -n -e 's/^.*[	 ]\([ABCDGIRSTW][ABCDGIRSTW]*\)[	 ][	 ]*_\([_A-Za-z][_A-Za-z0-9]*\)$/\1 _\2 \2/p' | /usr/bin/sed '/ __gnu_lto/d' \> conftest.nm
configure:20921: $? = 0
configure:20944: result: yes
configure:21021: checking whether the C compiler accepts -fno-lto
configure:21044: xcrun -sdk iphonesimulator clang -target arm64-apple-ios-simulator -c -Wall -miphoneos-version-min=7.0 -fexceptions  -fno-lto -Werror  conftest.c >&5
configure:21044: $? = 0
configure:21055: result: yes
configure:21066: checking whether .eh_frame section should be read-only
configure:21084: result: yes
configure:21099: checking for __attribute__((visibility("hidden")))
configure:21109: xcrun -sdk iphonesimulator clang -target arm64-apple-ios-simulator -Werror -S conftest.c -o conftest.s 1>&5
configure:21112: $? = 0
configure:21122: result: yes
configure:21612: versioning on shared library symbols is no
configure:21733: checking that generated files are newer than configure
configure:21739: result: done
configure:21819: creating ./config.status

## ---------------------- ##
## Running config.status. ##
## ---------------------- ##

This file was extended by libffi config.status 3.5.2, which was
generated by GNU Autoconf 2.72.  Invocation command line was

  CONFIG_FILES    = 
  CONFIG_HEADERS  = 
  CONFIG_LINKS    = 
  CONFIG_COMMANDS = 
  $ ./config.status 

on Vus-iMac.local

config.status:1223: creating include/Makefile
config.status:1223: creating include/ffi.h
config.status:1223: creating Makefile
config.status:1223: creating testsuite/Makefile
config.status:1223: creating man/Makefile
config.status:1223: creating doc/Makefile
config.status:1223: creating libffi.pc
config.status:1223: creating fficonfig.h
config.status:1437: executing buildir commands
config.status:1450: skipping top_srcdir/Makefile - not created
config.status:1437: executing depfiles commands
config.status:1658: cd .       && sed -e '/# am--include-marker/d' Makefile         | make -f - am--depfiles
config.status:1663: $? = 0
config.status:1437: executing libtool commands
config.status:1437: executing include commands
config.status:1437: executing src commands

## ---------------- ##
## Cache variables. ##
## ---------------- ##

ac_cv_build=x86_64-apple-darwin
ac_cv_c_bigendian=no
ac_cv_c_compiler_gnu=yes
ac_cv_cflags_warn_all=-Wall
ac_cv_cxx_compiler_gnu=yes
ac_cv_env_CCASFLAGS_set=
ac_cv_env_CCASFLAGS_value=
ac_cv_env_CCAS_set=
ac_cv_env_CCAS_value=
ac_cv_env_CPPFLAGS_set=
ac_cv_env_CPPFLAGS_value=
ac_cv_env_CXXCPP_set=
ac_cv_env_CXXCPP_value=
ac_cv_env_LT_SYS_LIBRARY_PATH_set=
ac_cv_env_LT_SYS_LIBRARY_PATH_value=
ac_cv_env_WASM64_MEMORY64_set=
ac_cv_env_WASM64_MEMORY64_value=
ac_cv_env_build_alias_set=set
ac_cv_env_build_alias_value=x86_64-apple-darwin
ac_cv_env_host_alias_set=set
ac_cv_env_host_alias_value=arm64-apple-ios-simulator
ac_cv_env_target_alias_set=
ac_cv_env_target_alias_value=
ac_cv_func_memcpy=yes
ac_cv_func_memfd_create=no
ac_cv_header_alloca_h=yes
ac_cv_header_dlfcn_h=yes
ac_cv_header_inttypes_h=yes
ac_cv_header_stdint_h=yes
ac_cv_header_stdio_h=yes
ac_cv_header_stdlib_h=yes
ac_cv_header_string_h=yes
ac_cv_header_strings_h=yes
ac_cv_header_sys_memfd_h=no
ac_cv_header_sys_stat_h=yes
ac_cv_header_sys_types_h=yes
ac_cv_header_unistd_h=yes
ac_cv_host=aarch64-apple-ios-simulator
ac_cv_objext=o
ac_cv_path_EGREP='/usr/bin/grep -E'
ac_cv_path_EGREP_TRADITIONAL='/usr/bin/grep -E'
ac_cv_path_FGREP='/usr/bin/grep -F'
ac_cv_path_GREP=/usr/bin/grep
ac_cv_path_SED=/usr/bin/sed
ac_cv_path_ax_enable_builddir_sed=sed
ac_cv_path_install='/usr/bin/install -c'
ac_cv_path_lt_DD=/bin/dd
ac_cv_prog_AWK=awk
ac_cv_prog_CC='xcrun -sdk iphonesimulator clang -target arm64-apple-ios-simulator'
ac_cv_prog_CXXCPP='g++ -E'
ac_cv_prog_FILECMD=file
ac_cv_prog_STRIP=strip
ac_cv_prog_ac_ct_AR=ar
ac_cv_prog_ac_ct_CXX=g++
ac_cv_prog_ac_ct_DUMPBIN='link -dump'
ac_cv_prog_ac_ct_OBJDUMP=objdump
ac_cv_prog_ac_ct_RANLIB=ranlib
ac_cv_prog_ac_ct_STRIP=strip
ac_cv_prog_cc_c11=
ac_cv_prog_cc_g=yes
ac_cv_prog_cc_stdc=
ac_cv_prog_cxx_cxx11=
ac_cv_prog_cxx_g=yes
ac_cv_prog_cxx_stdcxx=
ac_cv_prog_make_make_set=yes
ac_cv_sizeof_double=8
ac_cv_sizeof_long_double=8
ac_cv_sizeof_size_t=8
ac_cv_target=aarch64-apple-ios-simulator
am_cv_CCAS_dependencies_compiler_type=gcc3
am_cv_CC_dependencies_compiler_type=gcc3
am_cv_CXX_dependencies_compiler_type=gcc3
am_cv_filesystem_timestamp_resolution=2
am_cv_make_support_nested_variables=yes
am_cv_prog_cc_c_o=yes
am_cv_sleep_fractional_seconds=yes
am_cv_xargs_n_works=yes
ax_cv_c_compiler_vendor=clang
ax_cv_check_cflags___fno_lto=yes
gcc_cv_as_cfi_pseudo_op=yes
libffi_cv_as_ptrauth=no
libffi_cv_hidden_visibility_attribute=yes
libffi_cv_no_lto=-fno-lto
libffi_cv_ro_eh_frame=yes
lt_cv_ar_at_file=no
lt_cv_deplibs_check_method=unknown
lt_cv_file_magic_cmd='$MAGIC_CMD'
lt_cv_file_magic_test_file=
lt_cv_ld_reload_flag=-r
lt_cv_nm_interface='BSD nm'
lt_cv_objdir=.libs
lt_cv_path_LD='xcrun -sdk iphonesimulator ld -target arm64-apple-ios-simulator'
lt_cv_path_LDCXX='xcrun -sdk iphonesimulator ld -target arm64-apple-ios-simulator'
lt_cv_path_NM=no
lt_cv_path_manifest_tool=no
lt_cv_prog_compiler_c_o=yes
lt_cv_prog_compiler_c_o_CXX=yes
lt_cv_prog_compiler_pic='-fPIC -DPIC'
lt_cv_prog_compiler_pic_CXX='-fPIC -DPIC'
lt_cv_prog_compiler_pic_works=yes
lt_cv_prog_compiler_pic_works_CXX=yes
lt_cv_prog_compiler_rtti_exceptions=yes
lt_cv_prog_compiler_static_works=no
lt_cv_prog_compiler_static_works_CXX=no
lt_cv_prog_gnu_ld=no
lt_cv_prog_gnu_ldcxx=no
lt_cv_sharedlib_from_linklib_cmd='printf %s\n'
lt_cv_sys_global_symbol_pipe='/usr/bin/sed -n -e '\''s/^.*[	 ]\([ABCDGIRSTW][ABCDGIRSTW]*\)[	 ][	 ]*_\([_A-Za-z][_A-Za-z0-9]*\)$/\1 _\2 \2/p'\'' | /usr/bin/sed '\''/ __gnu_lto/d'\'''
lt_cv_sys_global_symbol_to_c_name_address='/usr/bin/sed -n -e '\''s/^: \(.*\) .*$/  {"\1", (void *) 0},/p'\'' -e '\''s/^[ABCDGIRSTW][ABCDGIRSTW]* .* \(.*\)$/  {"\1", (void *) \&\1},/p'\'''
lt_cv_sys_global_symbol_to_c_name_address_lib_prefix='/usr/bin/sed -n -e '\''s/^: \(.*\) .*$/  {"\1", (void *) 0},/p'\'' -e '\''s/^[ABCDGIRSTW][ABCDGIRSTW]* .* \(lib.*\)$/  {"\1", (void *) \&\1},/p'\'' -e '\''s/^[ABCDGIRSTW][ABCDGIRSTW]* .* \(.*\)$/  {"lib\1", (void *) \&\1},/p'\'''
lt_cv_sys_global_symbol_to_cdecl='/usr/bin/sed -n -e '\''s/^T .* \(.*\)$/extern int \1();/p'\'' -e '\''s/^[ABCDGIRSTW][ABCDGIRSTW]* .* \(.*\)$/extern char \1;/p'\'''
lt_cv_sys_global_symbol_to_import=
lt_cv_sys_max_cmd_len=786432
lt_cv_sys_symbol_underscore=yes
lt_cv_to_host_file_cmd=func_convert_file_noop
lt_cv_to_tool_file_cmd=func_convert_file_noop
lt_cv_truncate_bin='/bin/dd bs=4096 count=1'

## ----------------- ##
## Output variables. ##
## ----------------- ##

ACLOCAL='${SHELL} '\''/Volumes/D/Angel-Aura-Amethyst-iOS/Angel-Aura-Amethyst-iOS/lwgjl/lwjgl3-wip-rebase_3.4.1/libffi/missing'\'' aclocal-1.17'
AMDEPBACKSLASH='\'
AMDEP_FALSE='#'
AMDEP_TRUE=''
AMTAR='$${TAR-tar}'
AM_BACKSLASH='\'
AM_DEFAULT_V='$(AM_DEFAULT_VERBOSITY)'
AM_DEFAULT_VERBOSITY='1'
AM_LTLDFLAGS=''
AM_RUNTESTFLAGS=''
AM_V='$(V)'
AR='ar'
AUTOCONF='${SHELL} '\''/Volumes/D/Angel-Aura-Amethyst-iOS/Angel-Aura-Amethyst-iOS/lwgjl/lwjgl3-wip-rebase_3.4.1/libffi/missing'\'' autoconf'
AUTOHEADER='${SHELL} '\''/Volumes/D/Angel-Aura-Amethyst-iOS/Angel-Aura-Amethyst-iOS/lwgjl/lwjgl3-wip-rebase_3.4.1/libffi/missing'\'' autoheader'
AUTOMAKE='${SHELL} '\''/Volumes/D/Angel-Aura-Amethyst-iOS/Angel-Aura-Amethyst-iOS/lwgjl/lwjgl3-wip-rebase_3.4.1/libffi/missing'\'' automake-1.17'
AWK='awk'
BUILD_DOCS_FALSE='#'
BUILD_DOCS_TRUE=''
CC='xcrun -sdk iphonesimulator clang -target arm64-apple-ios-simulator'
CCAS='xcrun -sdk iphonesimulator clang -target arm64-apple-ios-simulator'
CCASDEPMODE='depmode=gcc3'
CCASFLAGS='-miphoneos-version-min=7.0'
CCDEPMODE='depmode=gcc3'
CFLAGS='-Wall -miphoneos-version-min=7.0 -fexceptions'
CPPFLAGS=''
CSCOPE='cscope'
CTAGS='ctags'
CXX='g++'
CXXCPP='g++ -E'
CXXDEPMODE='depmode=gcc3'
CXXFLAGS='-g -O2'
CYGPATH_W='echo'
DEFS='-DHAVE_CONFIG_H'
DEPDIR='.deps'
DLLTOOL='false'
DSYMUTIL=''
DUMPBIN=':'
ECHO_C='\c'
ECHO_N=''
ECHO_T=''
EGREP='/usr/bin/grep -E'
ETAGS='etags'
EXEEXT=''
FFI_DEBUG_FALSE=''
FFI_DEBUG_TRUE='#'
FFI_EXEC_TRAMPOLINE_TABLE='1'
FFI_EXEC_TRAMPOLINE_TABLE_FALSE='#'
FFI_EXEC_TRAMPOLINE_TABLE_TRUE=''
FFI_VERSION_NUMBER='30502'
FFI_VERSION_STRING='3.5.2'
FGREP='/usr/bin/grep -F'
FILECMD='file'
GREP='/usr/bin/grep'
HAVE_LONG_DOUBLE='0'
HAVE_LONG_DOUBLE_VARIANT='0'
INSTALL_DATA='${INSTALL} -m 644'
INSTALL_PROGRAM='${INSTALL}'
INSTALL_SCRIPT='${INSTALL}'
INSTALL_STRIP_PROGRAM='$(install_sh) -c -s'
LD='xcrun -sdk iphonesimulator ld -target arm64-apple-ios-simulator'
LDFLAGS=''
LIBFFI_BUILD_VERSIONED_SHLIB_FALSE=''
LIBFFI_BUILD_VERSIONED_SHLIB_GNU_FALSE=''
LIBFFI_BUILD_VERSIONED_SHLIB_GNU_TRUE='#'
LIBFFI_BUILD_VERSIONED_SHLIB_SUN_FALSE=''
LIBFFI_BUILD_VERSIONED_SHLIB_SUN_TRUE='#'
LIBFFI_BUILD_VERSIONED_SHLIB_TRUE='#'
LIBOBJS=''
LIBS=''
LIBTOOL='$(SHELL) $(top_builddir)/libtool'
LIPO=''
LN_S='ln -s'
LTLIBOBJS=''
LT_SYS_LIBRARY_PATH=''
MAINT='#'
MAINTAINER_MODE_FALSE=''
MAINTAINER_MODE_TRUE='#'
MAKEINFO='${SHELL} '\''/Volumes/D/Angel-Aura-Amethyst-iOS/Angel-Aura-Amethyst-iOS/lwgjl/lwjgl3-wip-rebase_3.4.1/libffi/missing'\'' makeinfo'
MANIFEST_TOOL=':'
MKDIR_P='mkdir -p'
NM='nm'
NMEDIT=''
OBJDUMP='objdump'
OBJEXT='o'
OPT_LDFLAGS=''
OTOOL64=''
OTOOL=''
PACKAGE='libffi'
PACKAGE_BUGREPORT='http://github.com/libffi/libffi/issues'
PACKAGE_NAME='libffi'
PACKAGE_STRING='libffi 3.5.2'
PACKAGE_TARNAME='libffi'
PACKAGE_URL=''
PACKAGE_VERSION='3.5.2'
PATH_SEPARATOR=':'
PRTDIAG=''
RANLIB='ranlib'
READELF=''
SECTION_LDFLAGS=''
SED='/usr/bin/sed'
SET_MAKE=''
SHELL='/bin/sh'
STRIP='strip'
TARGET='AARCH64'
TARGETDIR='aarch64'
TARGET_OBJ=' src/aarch64/ffi.lo src/aarch64/sysv.lo'
TESTSUBDIR_FALSE='#'
TESTSUBDIR_TRUE=''
VERSION='3.5.2'
WASM64_MEMORY64=''
ac_ct_AR='ar'
ac_ct_CC=''
ac_ct_CXX='g++'
ac_ct_DUMPBIN='link -dump'
ac_ct_READELF=''
am__EXEEXT_FALSE=''
am__EXEEXT_TRUE='#'
am__fastdepCCAS_FALSE='#'
am__fastdepCCAS_TRUE=''
am__fastdepCC_FALSE='#'
am__fastdepCC_TRUE=''
am__fastdepCXX_FALSE='#'
am__fastdepCXX_TRUE=''
am__include='include'
am__isrc=' -I$(srcdir)'
am__leading_dot='.'
am__nodep='_no'
am__quote=''
am__rm_f_notfound=''
am__tar='$${TAR-tar} chof - "$$tardir"'
am__untar='$${TAR-tar} xf -'
am__xargs_n='xargs -n'
ax_enable_builddir_sed='sed'
bindir='${exec_prefix}/bin'
build='x86_64-apple-darwin'
build_alias='x86_64-apple-darwin'
build_cpu='x86_64'
build_os='darwin'
build_vendor='apple'
datadir='${datarootdir}'
datarootdir='${prefix}/share'
docdir='${datarootdir}/doc/${PACKAGE_TARNAME}'
dvidir='${docdir}'
exec_prefix='${prefix}'
host='aarch64-apple-ios-simulator'
host_alias='arm64-apple-ios-simulator'
host_cpu='aarch64'
host_os='ios-simulator'
host_vendor='apple'
htmldir='${docdir}'
includedir='${prefix}/include'
infodir='${datarootdir}/info'
install_sh='${SHELL} /Volumes/D/Angel-Aura-Amethyst-iOS/Angel-Aura-Amethyst-iOS/lwgjl/lwjgl3-wip-rebase_3.4.1/libffi/install-sh'
libdir='${exec_prefix}/lib'
libexecdir='${exec_prefix}/libexec'
localedir='${datarootdir}/locale'
localstatedir='${prefix}/var'
mandir='${datarootdir}/man'
mkdir_p='$(MKDIR_P)'
oldincludedir='/usr/include'
pdfdir='${docdir}'
prefix='/usr/local'
program_transform_name='s,x,x,'
psdir='${docdir}'
runstatedir='${localstatedir}/run'
sbindir='${exec_prefix}/sbin'
sharedstatedir='${prefix}/com'
sys_symbol_underscore='yes'
sysconfdir='${prefix}/etc'
target='aarch64-apple-ios-simulator'
target_alias='arm64-apple-ios-simulator'
target_cpu='aarch64'
target_os='ios-simulator'
target_vendor='apple'
tmake_file=''
toolexecdir='${libdir}/gcc-lib/$(target_alias)'
toolexeclibdir='${libdir}'

## ----------- ##
## confdefs.h. ##
## ----------- ##

/* confdefs.h */
#define PACKAGE_NAME "libffi"
#define PACKAGE_TARNAME "libffi"
#define PACKAGE_VERSION "3.5.2"
#define PACKAGE_STRING "libffi 3.5.2"
#define PACKAGE_BUGREPORT "http://github.com/libffi/libffi/issues"
#define PACKAGE_URL ""
#define PACKAGE "libffi"
#define VERSION "3.5.2"
#define HAVE_STDIO_H 1
#define HAVE_STDLIB_H 1
#define HAVE_STRING_H 1
#define HAVE_INTTYPES_H 1
#define HAVE_STDINT_H 1
#define HAVE_STRINGS_H 1
#define HAVE_SYS_STAT_H 1
#define HAVE_SYS_TYPES_H 1
#define HAVE_UNISTD_H 1
#define STDC_HEADERS 1
#define HAVE_DLFCN_H 1
#define LT_OBJDIR ".libs/"
#define SIZEOF_SIZE_T 8
#define HAVE_MEMCPY 1
#define HAVE_ALLOCA_H 1
#define SIZEOF_DOUBLE 8
#define SIZEOF_LONG_DOUBLE 8
#define HAVE_AS_CFI_PSEUDO_OP 1
#define SYMBOL_UNDERSCORE 1
#define FFI_EXEC_TRAMPOLINE_TABLE 1
#define HAVE_RO_EH_FRAME 1
#define EH_FRAME_FLAGS "a"
#define HAVE_HIDDEN_VISIBILITY_ATTRIBUTE 1

configure: exit 0
